../Drivers/BSP/Components/vl53l8cx/vl53l8cx.c:93:9:VL53L8CX_RegisterBusIO	24	static
../Drivers/BSP/Components/vl53l8cx/vl53l8cx.c:134:9:VL53L8CX_Init	24	static
../Drivers/BSP/Components/vl53l8cx/vl53l8cx.c:169:9:VL53L8CX_DeInit	24	static
../Drivers/BSP/Components/vl53l8cx/vl53l8cx.c:205:9:VL53L8CX_ReadID	24	static
../Drivers/BSP/Components/vl53l8cx/vl53l8cx.c:244:9:VL53L8CX_GetCapabilities	24	static
../Drivers/BSP/Components/vl53l8cx/vl53l8cx.c:271:9:VL53L8CX_ConfigProfile	32	static
../Drivers/BSP/Components/vl53l8cx/vl53l8cx.c:355:9:VL53L8CX_ConfigROI	16	static
../Drivers/BSP/Components/vl53l8cx/vl53l8cx.c:368:9:VL53L8CX_ConfigIT	24	static
../Drivers/BSP/Components/vl53l8cx/vl53l8cx.c:422:9:VL53L8CX_GetDistance	24	static
../Drivers/BSP/Components/vl53l8cx/vl53l8cx.c:463:9:VL53L8CX_Start	24	static
../Drivers/BSP/Components/vl53l8cx/vl53l8cx.c:517:9:VL53L8CX_Stop	24	static
../Drivers/BSP/Components/vl53l8cx/vl53l8cx.c:549:9:VL53L8CX_SetAddress	24	static
../Drivers/BSP/Components/vl53l8cx/vl53l8cx.c:576:9:VL53L8CX_GetAddress	24	static
../Drivers/BSP/Components/vl53l8cx/vl53l8cx.c:599:9:VL53L8CX_SetPowerMode	24	static
../Drivers/BSP/Components/vl53l8cx/vl53l8cx.c:630:9:VL53L8CX_GetPowerMode	24	static
../Drivers/BSP/Components/vl53l8cx/vl53l8cx.c:661:9:VL53L8CX_XTalkCalibration	24	static
../Drivers/BSP/Components/vl53l8cx/vl53l8cx.c:685:16:vl53l8cx_poll_for_measurement	32	static
../Drivers/BSP/Components/vl53l8cx/vl53l8cx.c:716:16:vl53l8cx_get_result	32	static
../Drivers/BSP/Components/vl53l8cx/vl53l8cx.c:781:16:vl53l8cx_map_target_status	24	static
