Archive member included to satisfy reference by file (symbol)

/opt/st/stm32cubeide_1.19.0/plugins/com.st.stm32cube.ide.mcu.externaltools.gnu-tools-for-stm32.13.3.rel1.linux64_1.0.0.202410170706/tools/bin/../lib/gcc/arm-none-eabi/13.3.1/../../../../arm-none-eabi/lib/thumb/v7e-m+fp/hard/libc_nano.a(libc_a-exit.o)
                              /opt/st/stm32cubeide_1.19.0/plugins/com.st.stm32cube.ide.mcu.externaltools.gnu-tools-for-stm32.13.3.rel1.linux64_1.0.0.202410170706/tools/bin/../lib/gcc/arm-none-eabi/13.3.1/../../../../arm-none-eabi/lib/thumb/v7e-m+fp/hard/crt0.o (exit)
/opt/st/stm32cubeide_1.19.0/plugins/com.st.stm32cube.ide.mcu.externaltools.gnu-tools-for-stm32.13.3.rel1.linux64_1.0.0.202410170706/tools/bin/../lib/gcc/arm-none-eabi/13.3.1/../../../../arm-none-eabi/lib/thumb/v7e-m+fp/hard/libc_nano.a(libc_a-findfp.o)
                              /opt/st/stm32cubeide_1.19.0/plugins/com.st.stm32cube.ide.mcu.externaltools.gnu-tools-for-stm32.13.3.rel1.linux64_1.0.0.202410170706/tools/bin/../lib/gcc/arm-none-eabi/13.3.1/../../../../arm-none-eabi/lib/thumb/v7e-m+fp/hard/libc_nano.a(libc_a-exit.o) (__stdio_exit_handler)
/opt/st/stm32cubeide_1.19.0/plugins/com.st.stm32cube.ide.mcu.externaltools.gnu-tools-for-stm32.13.3.rel1.linux64_1.0.0.202410170706/tools/bin/../lib/gcc/arm-none-eabi/13.3.1/../../../../arm-none-eabi/lib/thumb/v7e-m+fp/hard/libc_nano.a(libc_a-fwalk.o)
                              /opt/st/stm32cubeide_1.19.0/plugins/com.st.stm32cube.ide.mcu.externaltools.gnu-tools-for-stm32.13.3.rel1.linux64_1.0.0.202410170706/tools/bin/../lib/gcc/arm-none-eabi/13.3.1/../../../../arm-none-eabi/lib/thumb/v7e-m+fp/hard/libc_nano.a(libc_a-findfp.o) (_fwalk_sglue)
/opt/st/stm32cubeide_1.19.0/plugins/com.st.stm32cube.ide.mcu.externaltools.gnu-tools-for-stm32.13.3.rel1.linux64_1.0.0.202410170706/tools/bin/../lib/gcc/arm-none-eabi/13.3.1/../../../../arm-none-eabi/lib/thumb/v7e-m+fp/hard/libc_nano.a(libc_a-printf.o)
                              ./TOF/App/app_tof.o (printf)
/opt/st/stm32cubeide_1.19.0/plugins/com.st.stm32cube.ide.mcu.externaltools.gnu-tools-for-stm32.13.3.rel1.linux64_1.0.0.202410170706/tools/bin/../lib/gcc/arm-none-eabi/13.3.1/../../../../arm-none-eabi/lib/thumb/v7e-m+fp/hard/libc_nano.a(libc_a-puts.o)
                              ./TOF/App/app_tof.o (puts)
/opt/st/stm32cubeide_1.19.0/plugins/com.st.stm32cube.ide.mcu.externaltools.gnu-tools-for-stm32.13.3.rel1.linux64_1.0.0.202410170706/tools/bin/../lib/gcc/arm-none-eabi/13.3.1/../../../../arm-none-eabi/lib/thumb/v7e-m+fp/hard/libc_nano.a(libc_a-setvbuf.o)
                              ./TOF/App/app_tof.o (setvbuf)
/opt/st/stm32cubeide_1.19.0/plugins/com.st.stm32cube.ide.mcu.externaltools.gnu-tools-for-stm32.13.3.rel1.linux64_1.0.0.202410170706/tools/bin/../lib/gcc/arm-none-eabi/13.3.1/../../../../arm-none-eabi/lib/thumb/v7e-m+fp/hard/libc_nano.a(libc_a-stdio.o)
                              /opt/st/stm32cubeide_1.19.0/plugins/com.st.stm32cube.ide.mcu.externaltools.gnu-tools-for-stm32.13.3.rel1.linux64_1.0.0.202410170706/tools/bin/../lib/gcc/arm-none-eabi/13.3.1/../../../../arm-none-eabi/lib/thumb/v7e-m+fp/hard/libc_nano.a(libc_a-findfp.o) (__sread)
/opt/st/stm32cubeide_1.19.0/plugins/com.st.stm32cube.ide.mcu.externaltools.gnu-tools-for-stm32.13.3.rel1.linux64_1.0.0.202410170706/tools/bin/../lib/gcc/arm-none-eabi/13.3.1/../../../../arm-none-eabi/lib/thumb/v7e-m+fp/hard/libc_nano.a(libc_a-wbuf.o)
                              /opt/st/stm32cubeide_1.19.0/plugins/com.st.stm32cube.ide.mcu.externaltools.gnu-tools-for-stm32.13.3.rel1.linux64_1.0.0.202410170706/tools/bin/../lib/gcc/arm-none-eabi/13.3.1/../../../../arm-none-eabi/lib/thumb/v7e-m+fp/hard/libc_nano.a(libc_a-puts.o) (__swbuf_r)
/opt/st/stm32cubeide_1.19.0/plugins/com.st.stm32cube.ide.mcu.externaltools.gnu-tools-for-stm32.13.3.rel1.linux64_1.0.0.202410170706/tools/bin/../lib/gcc/arm-none-eabi/13.3.1/../../../../arm-none-eabi/lib/thumb/v7e-m+fp/hard/libc_nano.a(libc_a-wsetup.o)
                              /opt/st/stm32cubeide_1.19.0/plugins/com.st.stm32cube.ide.mcu.externaltools.gnu-tools-for-stm32.13.3.rel1.linux64_1.0.0.202410170706/tools/bin/../lib/gcc/arm-none-eabi/13.3.1/../../../../arm-none-eabi/lib/thumb/v7e-m+fp/hard/libc_nano.a(libc_a-puts.o) (__swsetup_r)
/opt/st/stm32cubeide_1.19.0/plugins/com.st.stm32cube.ide.mcu.externaltools.gnu-tools-for-stm32.13.3.rel1.linux64_1.0.0.202410170706/tools/bin/../lib/gcc/arm-none-eabi/13.3.1/../../../../arm-none-eabi/lib/thumb/v7e-m+fp/hard/libc_nano.a(libc_a-memset.o)
                              /opt/st/stm32cubeide_1.19.0/plugins/com.st.stm32cube.ide.mcu.externaltools.gnu-tools-for-stm32.13.3.rel1.linux64_1.0.0.202410170706/tools/bin/../lib/gcc/arm-none-eabi/13.3.1/../../../../arm-none-eabi/lib/thumb/v7e-m+fp/hard/crt0.o (memset)
[...]
Memory Configuration

Name             Origin             Length             Attributes
RAM              0x20000000         0x00018000         xrw
FLASH            0x08000000         0x00080000         xr
*default*        0x00000000         0xffffffff

Linker script and memory map

LOAD /opt/st/stm32cubeide_1.19.0/plugins/com.st.stm32cube.ide.mcu.externaltools.gnu-tools-for-stm32.13.3.rel1.linux64_1.0.0.202410170706/tools/bin/../lib/gcc/arm-none-eabi/13.3.1/thumb/v7e-m+fp/hard/crti.o
LOAD /opt/st/stm32cubeide_1.19.0/plugins/com.st.stm32cube.ide.mcu.externaltools.gnu-tools-for-stm32.13.3.rel1.linux64_1.0.0.202410170706/tools/bin/../lib/gcc/arm-none-eabi/13.3.1/thumb/v7e-m+fp/hard/crtbegin.o
LOAD /opt/st/stm32cubeide_1.19.0/plugins/com.st.stm32cube.ide.mcu.externaltools.gnu-tools-for-stm32.13.3.rel1.linux64_1.0.0.202410170706/tools/bin/../lib/gcc/arm-none-eabi/13.3.1/../../../../arm-none-eabi/lib/thumb/v7e-m+fp/hard/crt0.o
LOAD ./Core/Src/main.o
LOAD ./Core/Src/stm32f4xx_hal_msp.o
LOAD ./Core/Src/stm32f4xx_it.o
LOAD ./Core/Src/stm32f4xx_nucleo_bus.o
LOAD ./Core/Src/syscalls.o
LOAD ./Core/Src/sysmem.o
LOAD ./Core/Src/system_stm32f4xx.o
LOAD ./Core/Startup/startup_stm32f401retx.o
LOAD ./Drivers/BSP/Components/vl53l8cx/modules/vl53l8cx_api.o
LOAD ./Drivers/BSP/Components/vl53l8cx/modules/vl53l8cx_plugin_detection_thresholds.o
LOAD ./Drivers/BSP/Components/vl53l8cx/modules/vl53l8cx_plugin_motion_indicator.o
LOAD ./Drivers/BSP/Components/vl53l8cx/modules/vl53l8cx_plugin_xtalk.o
LOAD ./Drivers/BSP/Components/vl53l8cx/porting/platform.o
LOAD ./Drivers/BSP/Components/vl53l8cx/vl53l8cx.o
LOAD ./Drivers/BSP/STM32F4xx_Nucleo/stm32f4xx_nucleo.o
LOAD ./Drivers/STM32F4xx_HAL_Driver/Src/stm32f4xx_hal.o
LOAD ./Drivers/STM32F4xx_HAL_Driver/Src/stm32f4xx_hal_cortex.o
LOAD ./Drivers/STM32F4xx_HAL_Driver/Src/stm32f4xx_hal_dma.o
LOAD ./Drivers/STM32F4xx_HAL_Driver/Src/stm32f4xx_hal_dma_ex.o
LOAD ./Drivers/STM32F4xx_HAL_Driver/Src/stm32f4xx_hal_exti.o
LOAD ./Drivers/STM32F4xx_HAL_Driver/Src/stm32f4xx_hal_flash.o
LOAD ./Drivers/STM32F4xx_HAL_Driver/Src/stm32f4xx_hal_flash_ex.o
LOAD ./Drivers/STM32F4xx_HAL_Driver/Src/stm32f4xx_hal_flash_ramfunc.o
LOAD ./Drivers/STM32F4xx_HAL_Driver/Src/stm32f4xx_hal_gpio.o
LOAD ./Drivers/STM32F4xx_HAL_Driver/Src/stm32f4xx_hal_i2c.o
LOAD ./Drivers/STM32F4xx_HAL_Driver/Src/stm32f4xx_hal_i2c_ex.o
LOAD ./Drivers/STM32F4xx_HAL_Driver/Src/stm32f4xx_hal_pwr.o
LOAD ./Drivers/STM32F4xx_HAL_Driver/Src/stm32f4xx_hal_pwr_ex.o
LOAD ./Drivers/STM32F4xx_HAL_Driver/Src/stm32f4xx_hal_rcc.o
LOAD ./Drivers/STM32F4xx_HAL_Driver/Src/stm32f4xx_hal_rcc_ex.o
LOAD ./Drivers/STM32F4xx_HAL_Driver/Src/stm32f4xx_hal_uart.o
LOAD ./TOF/App/app_tof.o
LOAD ./TOF/Target/app_tof_pin_conf.o
LOAD ./TOF/Target/custom_ranging_sensor.o
START GROUP
LOAD /opt/st/stm32cubeide_1.19.0/plugins/com.st.stm32cube.ide.mcu.externaltools.gnu-tools-for-stm32.13.3.rel1.linux64_1.0.0.202410170706/tools/bin/../lib/gcc/arm-none-eabi/13.3.1/../../../../arm-none-eabi/lib/thumb/v7e-m+fp/hard/libc_nano.a
LOAD /opt/st/stm32cubeide_1.19.0/plugins/com.st.stm32cube.ide.mcu.externaltools.gnu-tools-for-stm32.13.3.rel1.linux64_1.0.0.202410170706/tools/bin/../lib/gcc/arm-none-eabi/13.3.1/../../../../arm-none-eabi/lib/thumb/v7e-m+fp/hard/libm.a
END GROUP
START GROUP
LOAD /opt/st/stm32cubeide_1.19.0/plugins/com.st.stm32cube.ide.mcu.externaltools.gnu-tools-for-stm32.13.3.rel1.linux64_1.0.0.202410170706/tools/bin/../lib/gcc/arm-none-eabi/13.3.1/thumb/v7e-m+fp/hard/libgcc.a
LOAD /opt/st/stm32cubeide_1.19.0/plugins/com.st.stm32cube.ide.mcu.externaltools.gnu-tools-for-stm32.13.3.rel1.linux64_1.0.0.202410170706/tools/bin/../lib/gcc/arm-none-eabi/13.3.1/../../../../arm-none-eabi/lib/thumb/v7e-m+fp/hard/libc_nano.a
END GROUP
START GROUP
LOAD /opt/st/stm32cubeide_1.19.0/plugins/com.st.stm32cube.ide.mcu.externaltools.gnu-tools-for-stm32.13.3.rel1.linux64_1.0.0.202410170706/tools/bin/../lib/gcc/arm-none-eabi/13.3.1/thumb/v7e-m+fp/hard/libgcc.a
LOAD /opt/st/stm32cubeide_1.19.0/plugins/com.st.stm32cube.ide.mcu.externaltools.gnu-tools-for-stm32.13.3.rel1.linux64_1.0.0.202410170706/tools/bin/../lib/gcc/arm-none-eabi/13.3.1/../../../../arm-none-eabi/lib/thumb/v7e-m+fp/hard/libc_nano.a
LOAD /opt/st/stm32cubeide_1.19.0/plugins/com.st.stm32cube.ide.mcu.externaltools.gnu-tools-for-stm32.13.3.rel1.linux64_1.0.0.202410170706/tools/bin/../lib/gcc/arm-none-eabi/13.3.1/../../../../arm-none-eabi/lib/thumb/v7e-m+fp/hard/libnosys.a
END GROUP
START GROUP
LOAD /opt/st/stm32cubeide_1.19.0/plugins/com.st.stm32cube.ide.mcu.externaltools.gnu-tools-for-stm32.13.3.rel1.linux64_1.0.0.202410170706/tools/bin/../lib/gcc/arm-none-eabi/13.3.1/thumb/v7e-m+fp/hard/libgcc.a
LOAD /opt/st/stm32cubeide_1.19.0/plugins/com.st.stm32cube.ide.mcu.externaltools.gnu-tools-for-stm32.13.3.rel1.linux64_1.0.0.202410170706/tools/bin/../lib/gcc/arm-none-eabi/13.3.1/../../../../arm-none-eabi/lib/thumb/v7e-m+fp/hard/libc_nano.a
LOAD /opt/st/stm32cubeide_1.19.0/plugins/com.st.stm32cube.ide.mcu.externaltools.gnu-tools-for-stm32.13.3.rel1.linux64_1.0.0.202410170706/tools/bin/../lib/gcc/arm-none-eabi/13.3.1/../../../../arm-none-eabi/lib/thumb/v7e-m+fp/hard/libnosys.a
END GROUP
LOAD /opt/st/stm32cubeide_1.19.0/plugins/com.st.stm32cube.ide.mcu.externaltools.gnu-tools-for-stm32.13.3.rel1.linux64_1.0.0.202410170706/tools/bin/../lib/gcc/arm-none-eabi/13.3.1/thumb/v7e-m+fp/hard/crtend.o
LOAD /opt/st/stm32cubeide_1.19.0/plugins/com.st.stm32cube.ide.mcu.externaltools.gnu-tools-for-stm32.13.3.rel1.linux64_1.0.0.202410170706/tools/bin/../lib/gcc/arm-none-eabi/13.3.1/thumb/v7e-m+fp/hard/crtn.o
                0x20018000                        _estack = (ORIGIN (RAM) + LENGTH (RAM))
                0x00000200                        _Min_Heap_Size = 0x200
                0x00000400                        _Min_Stack_Size = 0x400

.isr_vector     0x08000000      0x194
                0x08000000                        . = ALIGN (0x4)
 *(.isr_vector)
 .isr_vector    0x08000000      0x194 ./Core/Startup/startup_stm32f401retx.o
                0x08000000                g_pfnVectors
                0x08000194                        . = ALIGN (0x4)

.text           0x080001a0     0x8e28
                0x080001a0                        . = ALIGN (0x4)
 *(.text)
 .text          0x080001a0       0x40 /opt/st/stm32cubeide_1.19.0/plugins/com.st.stm32cube.ide.mcu.externaltools.gnu-tools-for-stm32.13.3.rel1.linux64_1.0.0.202410170706/tools/bin/../lib/gcc/arm-none-eabi/13.3.1/thumb/v7e-m+fp/hard/crtbegin.o
 .text          0x080001e0       0xa0 /opt/st/stm32cubeide_1.19.0/plugins/com.st.stm32cube.ide.mcu.externaltools.gnu-tools-for-stm32.13.3.rel1.linux64_1.0.0.202410170706/tools/bin/../lib/gcc/arm-none-eabi/13.3.1/../../../../arm-none-eabi/lib/thumb/v7e-m+fp/hard/libc_nano.a(libc_a-memchr.o)
                0x080001e0                memchr
 .text          0x08000280       0x30 /opt/st/stm32cubeide_1.19.0/plugins/com.st.stm32cube.ide.mcu.externaltools.gnu-tools-for-stm32.13.3.rel1.linux64_1.0.0.202410170706/tools/bin/../lib/gcc/arm-none-eabi/13.3.1/thumb/v7e-m+fp/hard/libgcc.a(_aeabi_uldivmod.o)
                0x08000280                __aeabi_uldivmod
 .text          0x080002b0      0x2f8 /opt/st/stm32cubeide_1.19.0/plugins/com.st.stm32cube.ide.mcu.externaltools.gnu-tools-for-stm32.13.3.rel1.linux64_1.0.0.202410170706/tools/bin/../lib/gcc/arm-none-eabi/13.3.1/thumb/v7e-m+fp/hard/libgcc.a(_udivmoddi4.o)
                0x080002b0                __udivmoddi4
 .text          0x080005a8        0x4 /opt/st/stm32cubeide_1.19.0/plugins/com.st.stm32cube.ide.mcu.externaltools.gnu-tools-for-stm32.13.3.rel1.linux64_1.0.0.202410170706/tools/bin/../lib/gcc/arm-none-eabi/13.3.1/thumb/v7e-m+fp/hard/libgcc.a(_dvmd_tls.o)
                0x080005a8                __aeabi_ldiv0
                0x080005a8                __aeabi_idiv0
 *(.text*)
 .text.main     0x080005ac       0x1a ./Core/Src/main.o
                0x080005ac                main
 *fill*         0x080005c6        0x2 
 .text.SystemClock_Config
                0x080005c8       0xd8 ./Core/Src/main.o
                0x080005c8                SystemClock_Config
 .text.MX_GPIO_Init
                0x080006a0      0x17c ./Core/Src/main.o
 .text.Error_Handler
                0x0800081c        0xc ./Core/Src/main.o
                0x0800081c                Error_Handler
 .text.HAL_MspInit
                0x08000828       0x50 ./Core/Src/stm32f4xx_hal_msp.o
                0x08000828                HAL_MspInit
 .text.NMI_Handler
                0x08000878        0x8 ./Core/Src/stm32f4xx_it.o
                0x08000878                NMI_Handler
 .text.HardFault_Handler
                0x08000880        0x8 ./Core/Src/stm32f4xx_it.o
                0x08000880                HardFault_Handler
 .text.MemManage_Handler
                0x08000888        0x8 ./Core/Src/stm32f4xx_it.o
                0x08000888                MemManage_Handler
 .text.BusFault_Handler
                0x08000890        0x8 ./Core/Src/stm32f4xx_it.o
                0x08000890                BusFault_Handler
 .text.UsageFault_Handler
                0x08000898        0x8 ./Core/Src/stm32f4xx_it.o
                0x08000898                UsageFault_Handler
 .text.SVC_Handler
                0x080008a0        0xe ./Core/Src/stm32f4xx_it.o
                0x080008a0                SVC_Handler
 .text.DebugMon_Handler
                0x080008ae        0xe ./Core/Src/stm32f4xx_it.o
                0x080008ae                DebugMon_Handler
 .text.PendSV_Handler
                0x080008bc        0xe ./Core/Src/stm32f4xx_it.o
                0x080008bc                PendSV_Handler
 .text.SysTick_Handler
                0x080008ca        0xc ./Core/Src/stm32f4xx_it.o
                0x080008ca                SysTick_Handler
 .text.EXTI4_IRQHandler
                0x080008d6        0xe ./Core/Src/stm32f4xx_it.o
                0x080008d6                EXTI4_IRQHandler
 .text.EXTI15_10_IRQHandler
                0x080008e4       0x10 ./Core/Src/stm32f4xx_it.o
                0x080008e4                EXTI15_10_IRQHandler
 .text.BSP_I2C1_Init
                0x080008f4       0x64 ./Core/Src/stm32f4xx_nucleo_bus.o
                0x080008f4                BSP_I2C1_Init
 .text.BSP_I2C1_DeInit
                0x08000958       0x50 ./Core/Src/stm32f4xx_nucleo_bus.o
                0x08000958                BSP_I2C1_DeInit
 .text.BSP_I2C1_WriteReg16
                0x080009a8       0x64 ./Core/Src/stm32f4xx_nucleo_bus.o
                0x080009a8                BSP_I2C1_WriteReg16
 .text.BSP_I2C1_ReadReg16
                0x08000a0c       0x64 ./Core/Src/stm32f4xx_nucleo_bus.o
                0x08000a0c                BSP_I2C1_ReadReg16
 .text.BSP_GetTick
                0x08000a70        0xe ./Core/Src/stm32f4xx_nucleo_bus.o
                0x08000a70                BSP_GetTick
 *fill*         0x08000a7e        0x2 
 .text.MX_I2C1_Init
                0x08000a80       0x68 ./Core/Src/stm32f4xx_nucleo_bus.o
                0x08000a80                MX_I2C1_Init
 .text.I2C1_MspInit
                0x08000ae8       0x90 ./Core/Src/stm32f4xx_nucleo_bus.o
 .text.I2C1_MspDeInit
                0x08000b78       0x34 ./Core/Src/stm32f4xx_nucleo_bus.o
 .text._read    0x08000bac       0x3a ./Core/Src/syscalls.o
                0x08000bac                _read
 .text._write   0x08000be6       0x38 ./Core/Src/syscalls.o
                0x08000be6                _write
 .text._close   0x08000c1e       0x18 ./Core/Src/syscalls.o
                0x08000c1e                _close
 .text._fstat   0x08000c36       0x20 ./Core/Src/syscalls.o
                0x08000c36                _fstat
 .text._isatty  0x08000c56       0x16 ./Core/Src/syscalls.o
                0x08000c56                _isatty
 .text._lseek   0x08000c6c       0x1a ./Core/Src/syscalls.o
                0x08000c6c                _lseek
 *fill*         0x08000c86        0x2 
 .text._sbrk    0x08000c88       0x6c ./Core/Src/sysmem.o
                0x08000c88                _sbrk
 .text.SystemInit
                0x08000cf4       0x24 ./Core/Src/system_stm32f4xx.o
                0x08000cf4                SystemInit
 .text.Reset_Handler
                0x08000d18       0x50 ./Core/Startup/startup_stm32f401retx.o
                0x08000d18                Reset_Handler
 .text.Default_Handler
                0x08000d68        0x2 ./Core/Startup/startup_stm32f401retx.o
                0x08000d68                RTC_Alarm_IRQHandler
                0x08000d68                EXTI2_IRQHandler
                0x08000d68                SPI4_IRQHandler
                0x08000d68                TIM1_CC_IRQHandler
                0x08000d68                DMA2_Stream5_IRQHandler
                0x08000d68                DMA1_Stream5_IRQHandler
                0x08000d68                PVD_IRQHandler
                0x08000d68                SDIO_IRQHandler
                0x08000d68                TAMP_STAMP_IRQHandler
                0x08000d68                EXTI3_IRQHandler
                0x08000d68                TIM1_UP_TIM10_IRQHandler
                0x08000d68                I2C3_ER_IRQHandler
                0x08000d68                EXTI0_IRQHandler
                0x08000d68                I2C2_EV_IRQHandler
                0x08000d68                DMA1_Stream2_IRQHandler
                0x08000d68                FPU_IRQHandler
                0x08000d68                DMA2_Stream2_IRQHandler
                0x08000d68                SPI1_IRQHandler
                0x08000d68                TIM1_BRK_TIM9_IRQHandler
                0x08000d68                DMA2_Stream3_IRQHandler
                0x08000d68                USART6_IRQHandler
                0x08000d68                DMA2_Stream0_IRQHandler
                0x08000d68                TIM4_IRQHandler
                0x08000d68                I2C1_EV_IRQHandler
                0x08000d68                DMA1_Stream6_IRQHandler
                0x08000d68                DMA1_Stream1_IRQHandler
                0x08000d68                TIM3_IRQHandler
                0x08000d68                RCC_IRQHandler
                0x08000d68                Default_Handler
                0x08000d68                ADC_IRQHandler
                0x08000d68                DMA1_Stream7_IRQHandler
                0x08000d68                TIM5_IRQHandler
                0x08000d68                DMA2_Stream7_IRQHandler
                0x08000d68                I2C3_EV_IRQHandler
                0x08000d68                EXTI9_5_IRQHandler
                0x08000d68                RTC_WKUP_IRQHandler
                0x08000d68                SPI2_IRQHandler
                0x08000d68                DMA1_Stream0_IRQHandler
                0x08000d68                WWDG_IRQHandler
                0x08000d68                TIM2_IRQHandler
                0x08000d68                OTG_FS_WKUP_IRQHandler
                0x08000d68                TIM1_TRG_COM_TIM11_IRQHandler
                0x08000d68                EXTI1_IRQHandler
                0x08000d68                USART2_IRQHandler
                0x08000d68                I2C2_ER_IRQHandler
                0x08000d68                DMA2_Stream1_IRQHandler
                0x08000d68                FLASH_IRQHandler
                0x08000d68                DMA2_Stream4_IRQHandler
                0x08000d68                USART1_IRQHandler
                0x08000d68                OTG_FS_IRQHandler
                0x08000d68                SPI3_IRQHandler
                0x08000d68                DMA1_Stream4_IRQHandler
                0x08000d68                I2C1_ER_IRQHandler
                0x08000d68                DMA2_Stream6_IRQHandler
                0x08000d68                DMA1_Stream3_IRQHandler
 .text._vl53l8cx_poll_for_answer
                0x08000d6a       0xa0 ./Drivers/BSP/Components/vl53l8cx/modules/vl53l8cx_api.o
 .text._vl53l8cx_poll_for_mcu_boot
                0x08000e0a       0x86 ./Drivers/BSP/Components/vl53l8cx/modules/vl53l8cx_api.o
 .text._vl53l8cx_send_offset_data
                0x08000e90      0x398 ./Drivers/BSP/Components/vl53l8cx/modules/vl53l8cx_api.o
 .text._vl53l8cx_send_xtalk_data
                0x08001228      0x298 ./Drivers/BSP/Components/vl53l8cx/modules/vl53l8cx_api.o
 .text.vl53l8cx_init
                0x080014c0      0x858 ./Drivers/BSP/Components/vl53l8cx/modules/vl53l8cx_api.o
                0x080014c0                vl53l8cx_init
 .text.vl53l8cx_set_i2c_address
                0x08001d18       0x6c ./Drivers/BSP/Components/vl53l8cx/modules/vl53l8cx_api.o
                0x08001d18                vl53l8cx_set_i2c_address
 .text.vl53l8cx_get_power_mode
                0x08001d84       0xac ./Drivers/BSP/Components/vl53l8cx/modules/vl53l8cx_api.o
                0x08001d84                vl53l8cx_get_power_mode
 .text.vl53l8cx_set_power_mode
                0x08001e30      0x1ba ./Drivers/BSP/Components/vl53l8cx/modules/vl53l8cx_api.o
                0x08001e30                vl53l8cx_set_power_mode
 *fill*         0x08001fea        0x2 
 .text.vl53l8cx_start_ranging
                0x08001fec      0x304 ./Drivers/BSP/Components/vl53l8cx/modules/vl53l8cx_api.o
                0x08001fec                vl53l8cx_start_ranging
 .text.vl53l8cx_stop_ranging
                0x080022f0      0x1a0 ./Drivers/BSP/Components/vl53l8cx/modules/vl53l8cx_api.o
                0x080022f0                vl53l8cx_stop_ranging
 .text.vl53l8cx_check_data_ready
                0x08002490       0xa0 ./Drivers/BSP/Components/vl53l8cx/modules/vl53l8cx_api.o
                0x08002490                vl53l8cx_check_data_ready
 .text.vl53l8cx_get_ranging_data
                0x08002530      0x22c ./Drivers/BSP/Components/vl53l8cx/modules/vl53l8cx_api.o
                0x08002530                vl53l8cx_get_ranging_data
 .text.vl53l8cx_get_resolution
                0x0800275c       0x4a ./Drivers/BSP/Components/vl53l8cx/modules/vl53l8cx_api.o
                0x0800275c                vl53l8cx_get_resolution
 .text.vl53l8cx_set_resolution
                0x080027a6      0x1a8 ./Drivers/BSP/Components/vl53l8cx/modules/vl53l8cx_api.o
                0x080027a6                vl53l8cx_set_resolution
 .text.vl53l8cx_set_ranging_frequency_hz
                0x0800294e       0x42 ./Drivers/BSP/Components/vl53l8cx/modules/vl53l8cx_api.o
                0x0800294e                vl53l8cx_set_ranging_frequency_hz
 .text.vl53l8cx_set_integration_time_ms
                0x08002990       0x6a ./Drivers/BSP/Components/vl53l8cx/modules/vl53l8cx_api.o
                0x08002990                vl53l8cx_set_integration_time_ms
 .text.vl53l8cx_set_ranging_mode
                0x080029fa       0xae ./Drivers/BSP/Components/vl53l8cx/modules/vl53l8cx_api.o
                0x080029fa                vl53l8cx_set_ranging_mode
 .text.vl53l8cx_dci_read_data
                0x08002aa8      0x114 ./Drivers/BSP/Components/vl53l8cx/modules/vl53l8cx_api.o
                0x08002aa8                vl53l8cx_dci_read_data
 .text.vl53l8cx_dci_write_data
                0x08002bbc      0x13c ./Drivers/BSP/Components/vl53l8cx/modules/vl53l8cx_api.o
                0x08002bbc                vl53l8cx_dci_write_data
 .text.vl53l8cx_dci_replace_data
                0x08002cf8       0x58 ./Drivers/BSP/Components/vl53l8cx/modules/vl53l8cx_api.o
                0x08002cf8                vl53l8cx_dci_replace_data
 .text.vl53l8cx_set_detection_thresholds_enable
                0x08002d50       0x8c ./Drivers/BSP/Components/vl53l8cx/modules/vl53l8cx_plugin_detection_thresholds.o
                0x08002d50                vl53l8cx_set_detection_thresholds_enable
 .text.vl53l8cx_set_detection_thresholds
                0x08002ddc      0x2b0 ./Drivers/BSP/Components/vl53l8cx/modules/vl53l8cx_plugin_detection_thresholds.o
                0x08002ddc                vl53l8cx_set_detection_thresholds
 .text.VL53L8CX_RdByte
                0x0800308c       0x2a ./Drivers/BSP/Components/vl53l8cx/porting/platform.o
                0x0800308c                VL53L8CX_RdByte
 .text.VL53L8CX_WrByte
                0x080030b6       0x2c ./Drivers/BSP/Components/vl53l8cx/porting/platform.o
                0x080030b6                VL53L8CX_WrByte
 .text.VL53L8CX_WrMulti
                0x080030e2       0x2e ./Drivers/BSP/Components/vl53l8cx/porting/platform.o
                0x080030e2                VL53L8CX_WrMulti
 .text.VL53L8CX_RdMulti
                0x08003110       0x2e ./Drivers/BSP/Components/vl53l8cx/porting/platform.o
                0x08003110                VL53L8CX_RdMulti
 .text.VL53L8CX_SwapBuffer
                0x0800313e       0x6c ./Drivers/BSP/Components/vl53l8cx/porting/platform.o
                0x0800313e                VL53L8CX_SwapBuffer
 .text.VL53L8CX_WaitMs
                0x080031aa       0x34 ./Drivers/BSP/Components/vl53l8cx/porting/platform.o
                0x080031aa                VL53L8CX_WaitMs
 .text.VL53L8CX_RegisterBusIO
                0x080031de       0x90 ./Drivers/BSP/Components/vl53l8cx/vl53l8cx.o
                0x080031de                VL53L8CX_RegisterBusIO
 .text.VL53L8CX_Init
                0x0800326e       0x7e ./Drivers/BSP/Components/vl53l8cx/vl53l8cx.o
                0x0800326e                VL53L8CX_Init
 .text.VL53L8CX_DeInit
                0x080032ec       0x52 ./Drivers/BSP/Components/vl53l8cx/vl53l8cx.o
                0x080032ec                VL53L8CX_DeInit
 .text.VL53L8CX_ReadID
                0x0800333e       0xc0 ./Drivers/BSP/Components/vl53l8cx/vl53l8cx.o
                0x0800333e                VL53L8CX_ReadID
 .text.VL53L8CX_GetCapabilities
                0x080033fe       0x48 ./Drivers/BSP/Components/vl53l8cx/vl53l8cx.o
                0x080033fe                VL53L8CX_GetCapabilities
 *fill*         0x08003446        0x2 
 .text.VL53L8CX_ConfigProfile
                0x08003448      0x13c ./Drivers/BSP/Components/vl53l8cx/vl53l8cx.o
                0x08003448                VL53L8CX_ConfigProfile
 .text.VL53L8CX_ConfigROI
                0x08003584       0x1a ./Drivers/BSP/Components/vl53l8cx/vl53l8cx.o
                0x08003584                VL53L8CX_ConfigROI
 *fill*         0x0800359e        0x2 
 .text.VL53L8CX_ConfigIT
                0x080035a0      0x170 ./Drivers/BSP/Components/vl53l8cx/vl53l8cx.o
                0x080035a0                VL53L8CX_ConfigIT
 .text.VL53L8CX_GetDistance
                0x08003710       0x74 ./Drivers/BSP/Components/vl53l8cx/vl53l8cx.o
                0x08003710                VL53L8CX_GetDistance
 .text.VL53L8CX_Start
                0x08003784       0xbc ./Drivers/BSP/Components/vl53l8cx/vl53l8cx.o
                0x08003784                VL53L8CX_Start
 .text.VL53L8CX_Stop
                0x08003840       0x56 ./Drivers/BSP/Components/vl53l8cx/vl53l8cx.o
                0x08003840                VL53L8CX_Stop
 .text.VL53L8CX_SetAddress
                0x08003896       0x4e ./Drivers/BSP/Components/vl53l8cx/vl53l8cx.o
                0x08003896                VL53L8CX_SetAddress
 .text.VL53L8CX_GetAddress
                0x080038e4       0x3a ./Drivers/BSP/Components/vl53l8cx/vl53l8cx.o
                0x080038e4                VL53L8CX_GetAddress
 .text.VL53L8CX_SetPowerMode
                0x0800391e       0x58 ./Drivers/BSP/Components/vl53l8cx/vl53l8cx.o
                0x0800391e                VL53L8CX_SetPowerMode
 .text.VL53L8CX_GetPowerMode
                0x08003976       0x58 ./Drivers/BSP/Components/vl53l8cx/vl53l8cx.o
                0x08003976                VL53L8CX_GetPowerMode
 .text.vl53l8cx_poll_for_measurement
                0x080039ce       0x66 ./Drivers/BSP/Components/vl53l8cx/vl53l8cx.o
 .text.vl53l8cx_get_result
                0x08003a34      0x14c ./Drivers/BSP/Components/vl53l8cx/vl53l8cx.o
 .text.vl53l8cx_map_target_status
                0x08003b80       0x3a ./Drivers/BSP/Components/vl53l8cx/vl53l8cx.o
 *fill*         0x08003bba        0x2 
 .text.BSP_COM_Init
                0x08003bbc       0x7c ./Drivers/BSP/STM32F4xx_Nucleo/stm32f4xx_nucleo.o
                0x08003bbc                BSP_COM_Init
 .text.MX_USART2_UART_Init
                0x08003c38       0x5c ./Drivers/BSP/STM32F4xx_Nucleo/stm32f4xx_nucleo.o
                0x08003c38                MX_USART2_UART_Init
 .text.BSP_COM_SelectLogPort
                0x08003c94       0x2c ./Drivers/BSP/STM32F4xx_Nucleo/stm32f4xx_nucleo.o
                0x08003c94                BSP_COM_SelectLogPort
 .text.__io_putchar
                0x08003cc0       0x38 ./Drivers/BSP/STM32F4xx_Nucleo/stm32f4xx_nucleo.o
                0x08003cc0                __io_putchar
 .text.USART2_MspInit
                0x08003cf8       0x90 ./Drivers/BSP/STM32F4xx_Nucleo/stm32f4xx_nucleo.o
 .text.HAL_Init
                0x08003d88       0x44 ./Drivers/STM32F4xx_HAL_Driver/Src/stm32f4xx_hal.o
                0x08003d88                HAL_Init
 .text.HAL_InitTick
                0x08003dcc       0x60 ./Drivers/STM32F4xx_HAL_Driver/Src/stm32f4xx_hal.o
                0x08003dcc                HAL_InitTick
 .text.HAL_IncTick
                0x08003e2c       0x28 ./Drivers/STM32F4xx_HAL_Driver/Src/stm32f4xx_hal.o
                0x08003e2c                HAL_IncTick
 .text.HAL_GetTick
                0x08003e54       0x18 ./Drivers/STM32F4xx_HAL_Driver/Src/stm32f4xx_hal.o
                0x08003e54                HAL_GetTick
 .text.HAL_Delay
                0x08003e6c       0x48 ./Drivers/STM32F4xx_HAL_Driver/Src/stm32f4xx_hal.o
                0x08003e6c                HAL_Delay
 .text.__NVIC_SetPriorityGrouping
                0x08003eb4       0x48 ./Drivers/STM32F4xx_HAL_Driver/Src/stm32f4xx_hal_cortex.o
 .text.__NVIC_GetPriorityGrouping
                0x08003efc       0x1c ./Drivers/STM32F4xx_HAL_Driver/Src/stm32f4xx_hal_cortex.o
 .text.__NVIC_EnableIRQ
                0x08003f18       0x3c ./Drivers/STM32F4xx_HAL_Driver/Src/stm32f4xx_hal_cortex.o
 .text.__NVIC_SetPriority
                0x08003f54       0x54 ./Drivers/STM32F4xx_HAL_Driver/Src/stm32f4xx_hal_cortex.o
 .text.NVIC_EncodePriority
                0x08003fa8       0x66 ./Drivers/STM32F4xx_HAL_Driver/Src/stm32f4xx_hal_cortex.o
 *fill*         0x0800400e        0x2 
 .text.SysTick_Config
                0x08004010       0x44 ./Drivers/STM32F4xx_HAL_Driver/Src/stm32f4xx_hal_cortex.o
 .text.HAL_NVIC_SetPriorityGrouping
                0x08004054       0x16 ./Drivers/STM32F4xx_HAL_Driver/Src/stm32f4xx_hal_cortex.o
                0x08004054                HAL_NVIC_SetPriorityGrouping
 .text.HAL_NVIC_SetPriority
                0x0800406a       0x38 ./Drivers/STM32F4xx_HAL_Driver/Src/stm32f4xx_hal_cortex.o
                0x0800406a                HAL_NVIC_SetPriority
 .text.HAL_NVIC_EnableIRQ
                0x080040a2       0x1c ./Drivers/STM32F4xx_HAL_Driver/Src/stm32f4xx_hal_cortex.o
                0x080040a2                HAL_NVIC_EnableIRQ
 .text.HAL_SYSTICK_Config
                0x080040be       0x18 ./Drivers/STM32F4xx_HAL_Driver/Src/stm32f4xx_hal_cortex.o
                0x080040be                HAL_SYSTICK_Config
 *fill*         0x080040d6        0x2 
 .text.HAL_GPIO_Init
                0x080040d8      0x308 ./Drivers/STM32F4xx_HAL_Driver/Src/stm32f4xx_hal_gpio.o
                0x080040d8                HAL_GPIO_Init
 .text.HAL_GPIO_DeInit
                0x080043e0      0x1c8 ./Drivers/STM32F4xx_HAL_Driver/Src/stm32f4xx_hal_gpio.o
                0x080043e0                HAL_GPIO_DeInit
 .text.HAL_GPIO_WritePin
                0x080045a8       0x32 ./Drivers/STM32F4xx_HAL_Driver/Src/stm32f4xx_hal_gpio.o
                0x080045a8                HAL_GPIO_WritePin
 .text.HAL_GPIO_TogglePin
                0x080045da       0x34 ./Drivers/STM32F4xx_HAL_Driver/Src/stm32f4xx_hal_gpio.o
                0x080045da                HAL_GPIO_TogglePin
 *fill*         0x0800460e        0x2 
 .text.HAL_GPIO_EXTI_IRQHandler
                0x08004610       0x30 ./Drivers/STM32F4xx_HAL_Driver/Src/stm32f4xx_hal_gpio.o
                0x08004610                HAL_GPIO_EXTI_IRQHandler
 .text.HAL_I2C_Init
                0x08004640      0x288 ./Drivers/STM32F4xx_HAL_Driver/Src/stm32f4xx_hal_i2c.o
                0x08004640                HAL_I2C_Init
 .text.HAL_I2C_DeInit
                0x080048c8       0x5e ./Drivers/STM32F4xx_HAL_Driver/Src/stm32f4xx_hal_i2c.o
                0x080048c8                HAL_I2C_DeInit
 .text.HAL_I2C_MspInit
                0x08004926       0x14 ./Drivers/STM32F4xx_HAL_Driver/Src/stm32f4xx_hal_i2c.o
                0x08004926                HAL_I2C_MspInit
 .text.HAL_I2C_MspDeInit
                0x0800493a       0x14 ./Drivers/STM32F4xx_HAL_Driver/Src/stm32f4xx_hal_i2c.o
                0x0800493a                HAL_I2C_MspDeInit
 *fill*         0x0800494e        0x2 
 .text.HAL_I2C_Mem_Write
                0x08004950      0x1f4 ./Drivers/STM32F4xx_HAL_Driver/Src/stm32f4xx_hal_i2c.o
                0x08004950                HAL_I2C_Mem_Write
 .text.HAL_I2C_Mem_Read
                0x08004b44      0x464 ./Drivers/STM32F4xx_HAL_Driver/Src/stm32f4xx_hal_i2c.o
                0x08004b44                HAL_I2C_Mem_Read
 .text.HAL_I2C_GetState
                0x08004fa8       0x1c ./Drivers/STM32F4xx_HAL_Driver/Src/stm32f4xx_hal_i2c.o
                0x08004fa8                HAL_I2C_GetState
 .text.HAL_I2C_GetError
                0x08004fc4       0x18 ./Drivers/STM32F4xx_HAL_Driver/Src/stm32f4xx_hal_i2c.o
                0x08004fc4                HAL_I2C_GetError
 .text.I2C_RequestMemoryWrite
                0x08004fdc      0x12c ./Drivers/STM32F4xx_HAL_Driver/Src/stm32f4xx_hal_i2c.o
 .text.I2C_RequestMemoryRead
                0x08005108      0x1d0 ./Drivers/STM32F4xx_HAL_Driver/Src/stm32f4xx_hal_i2c.o
 .text.I2C_WaitOnFlagUntilTimeout
                0x080052d8       0xf4 ./Drivers/STM32F4xx_HAL_Driver/Src/stm32f4xx_hal_i2c.o
 .text.I2C_WaitOnMasterAddressFlagUntilTimeout
                0x080053cc      0x140 ./Drivers/STM32F4xx_HAL_Driver/Src/stm32f4xx_hal_i2c.o
 .text.I2C_WaitOnTXEFlagUntilTimeout
                0x0800550c       0x90 ./Drivers/STM32F4xx_HAL_Driver/Src/stm32f4xx_hal_i2c.o
 .text.I2C_WaitOnBTFFlagUntilTimeout
                0x0800559c       0x90 ./Drivers/STM32F4xx_HAL_Driver/Src/stm32f4xx_hal_i2c.o
 .text.I2C_WaitOnRXNEFlagUntilTimeout
                0x0800562c       0xba ./Drivers/STM32F4xx_HAL_Driver/Src/stm32f4xx_hal_i2c.o
 .text.I2C_IsAcknowledgeFailed
                0x080056e6       0x5e ./Drivers/STM32F4xx_HAL_Driver/Src/stm32f4xx_hal_i2c.o
 .text.HAL_RCC_OscConfig
                0x08005744      0x4f0 ./Drivers/STM32F4xx_HAL_Driver/Src/stm32f4xx_hal_rcc.o
                0x08005744                HAL_RCC_OscConfig
 .text.HAL_RCC_ClockConfig
                0x08005c34      0x1cc ./Drivers/STM32F4xx_HAL_Driver/Src/stm32f4xx_hal_rcc.o
                0x08005c34                HAL_RCC_ClockConfig
 .text.HAL_RCC_GetSysClockFreq
                0x08005e00      0x20c ./Drivers/STM32F4xx_HAL_Driver/Src/stm32f4xx_hal_rcc.o
                0x08005e00                HAL_RCC_GetSysClockFreq
 .text.HAL_RCC_GetHCLKFreq
                0x0800600c       0x18 ./Drivers/STM32F4xx_HAL_Driver/Src/stm32f4xx_hal_rcc.o
                0x0800600c                HAL_RCC_GetHCLKFreq
 .text.HAL_RCC_GetPCLK1Freq
                0x08006024       0x28 ./Drivers/STM32F4xx_HAL_Driver/Src/stm32f4xx_hal_rcc.o
                0x08006024                HAL_RCC_GetPCLK1Freq
 .text.HAL_RCC_GetPCLK2Freq
                0x0800604c       0x28 ./Drivers/STM32F4xx_HAL_Driver/Src/stm32f4xx_hal_rcc.o
                0x0800604c                HAL_RCC_GetPCLK2Freq
 .text.HAL_UART_Init
                0x08006074       0xa0 ./Drivers/STM32F4xx_HAL_Driver/Src/stm32f4xx_hal_uart.o
                0x08006074                HAL_UART_Init
 .text.HAL_UART_MspInit
                0x08006114       0x14 ./Drivers/STM32F4xx_HAL_Driver/Src/stm32f4xx_hal_uart.o
                0x08006114                HAL_UART_MspInit
 .text.HAL_UART_Transmit
                0x08006128      0x116 ./Drivers/STM32F4xx_HAL_Driver/Src/stm32f4xx_hal_uart.o
                0x08006128                HAL_UART_Transmit
 .text.HAL_UART_Receive
                0x0800623e      0x12e ./Drivers/STM32F4xx_HAL_Driver/Src/stm32f4xx_hal_uart.o
                0x0800623e                HAL_UART_Receive
 .text.UART_WaitOnFlagUntilTimeout
                0x0800636c       0xb2 ./Drivers/STM32F4xx_HAL_Driver/Src/stm32f4xx_hal_uart.o
 .text.UART_EndRxTransfer
                0x0800641e       0xc6 ./Drivers/STM32F4xx_HAL_Driver/Src/stm32f4xx_hal_uart.o
 .text.UART_SetConfig
                0x080064e4      0x4e8 ./Drivers/STM32F4xx_HAL_Driver/Src/stm32f4xx_hal_uart.o
 .text.MX_TOF_Init
                0x080069cc        0xc ./TOF/App/app_tof.o
                0x080069cc                MX_TOF_Init
 .text.MX_TOF_Process
                0x080069d8        0xc ./TOF/App/app_tof.o
                0x080069d8                MX_TOF_Process
 .text.MX_VL53L8CX_SimpleRanging_Init
                0x080069e4      0x164 ./TOF/App/app_tof.o
 .text.MX_VL53L8CX_SimpleRanging_Process
                0x08006b48      0x2c8 ./TOF/App/app_tof.o
 .text.print_result
                0x08006e10      0x48c ./TOF/App/app_tof.o
 .text.tof_send_error_frame
                0x0800729c      0x220 ./TOF/App/app_tof.o
 .text.tof_crc16_ccitt_false
                0x080074bc       0x7c ./TOF/App/app_tof.o
 .text.tof_resolution_code_from_zones
                0x08007538       0x2a ./TOF/App/app_tof.o
 *fill*         0x08007562        0x2 
 .text.toggle_resolution
                0x08007564      0x104 ./TOF/App/app_tof.o
 .text.toggle_signal_and_ambient
                0x08007668       0xe8 ./TOF/App/app_tof.o
 .text.display_commands_banner
                0x08007750       0x88 ./TOF/App/app_tof.o
 .text.handle_cmd
                0x080077d8       0xd0 ./TOF/App/app_tof.o
 .text.get_key  0x080078a8       0x28 ./TOF/App/app_tof.o
 .text.com_has_data
                0x080078d0       0x28 ./TOF/App/app_tof.o
 .text.get_first_active_sensor
                0x080078f8       0x3c ./TOF/App/app_tof.o
 .text.get_next_active_sensor
                0x08007934       0x6c ./TOF/App/app_tof.o
 .text.deactivate_sensor
                0x080079a0       0x4c ./TOF/App/app_tof.o
 .text.reset_current_sensor_index
                0x080079ec       0x24 ./TOF/App/app_tof.o
 .text.tof_fatal_loop
                0x08007a10       0x30 ./TOF/App/app_tof.o
 .text.HAL_GPIO_EXTI_Callback
                0x08007a40       0x28 ./TOF/Target/app_tof_pin_conf.o
                0x08007a40                HAL_GPIO_EXTI_Callback
 .text.CUSTOM_RANGING_SENSOR_Init
                0x08007a68       0xb0 ./TOF/Target/custom_ranging_sensor.o
                0x08007a68                CUSTOM_RANGING_SENSOR_Init
 .text.CUSTOM_RANGING_SENSOR_ReadID
                0x08007b18       0x54 ./TOF/Target/custom_ranging_sensor.o
                0x08007b18                CUSTOM_RANGING_SENSOR_ReadID
 .text.CUSTOM_RANGING_SENSOR_GetCapabilities
                0x08007b6c       0x54 ./TOF/Target/custom_ranging_sensor.o
                0x08007b6c                CUSTOM_RANGING_SENSOR_GetCapabilities
 .text.CUSTOM_RANGING_SENSOR_ConfigProfile
                0x08007bc0       0x54 ./TOF/Target/custom_ranging_sensor.o
                0x08007bc0                CUSTOM_RANGING_SENSOR_ConfigProfile
 .text.CUSTOM_RANGING_SENSOR_GetDistance
                0x08007c14       0x68 ./TOF/Target/custom_ranging_sensor.o
                0x08007c14                CUSTOM_RANGING_SENSOR_GetDistance
 .text.CUSTOM_RANGING_SENSOR_Start
                0x08007c7c       0x58 ./TOF/Target/custom_ranging_sensor.o
                0x08007c7c                CUSTOM_RANGING_SENSOR_Start
 .text.CUSTOM_RANGING_SENSOR_Stop
                0x08007cd4       0x50 ./TOF/Target/custom_ranging_sensor.o
                0x08007cd4                CUSTOM_RANGING_SENSOR_Stop
 .text.CUSTOM_RANGING_SENSOR_GetAddress
                0x08007d24       0x54 ./TOF/Target/custom_ranging_sensor.o
                0x08007d24                CUSTOM_RANGING_SENSOR_GetAddress
 .text.VL53L8CX_Probe
                0x08007d78      0x11c ./TOF/Target/custom_ranging_sensor.o
 .text.reset_device
                0x08007e94       0x70 ./TOF/Target/custom_ranging_sensor.o
 .text.std      0x08007f04       0x6c /opt/st/stm32cubeide_1.19.0/plugins/com.st.stm32cube.ide.mcu.externaltools.gnu-tools-for-stm32.13.3.rel1.linux64_1.0.0.202410170706/tools/bin/../lib/gcc/arm-none-eabi/13.3.1/../../../../arm-none-eabi/lib/thumb/v7e-m+fp/hard/libc_nano.a(libc_a-findfp.o)
 .text.stdio_exit_handler
                0x08007f70       0x18 /opt/st/stm32cubeide_1.19.0/plugins/com.st.stm32cube.ide.mcu.externaltools.gnu-tools-for-stm32.13.3.rel1.linux64_1.0.0.202410170706/tools/bin/../lib/gcc/arm-none-eabi/13.3.1/../../../../arm-none-eabi/lib/thumb/v7e-m+fp/hard/libc_nano.a(libc_a-findfp.o)
 .text.cleanup_stdio
                0x08007f88       0x40 /opt/st/stm32cubeide_1.19.0/plugins/com.st.stm32cube.ide.mcu.externaltools.gnu-tools-for-stm32.13.3.rel1.linux64_1.0.0.202410170706/tools/bin/../lib/gcc/arm-none-eabi/13.3.1/../../../../arm-none-eabi/lib/thumb/v7e-m+fp/hard/libc_nano.a(libc_a-findfp.o)
 .text.global_stdio_init.part.0
                0x08007fc8       0x3c /opt/st/stm32cubeide_1.19.0/plugins/com.st.stm32cube.ide.mcu.externaltools.gnu-tools-for-stm32.13.3.rel1.linux64_1.0.0.202410170706/tools/bin/../lib/gcc/arm-none-eabi/13.3.1/../../../../arm-none-eabi/lib/thumb/v7e-m+fp/hard/libc_nano.a(libc_a-findfp.o)
 .text.__sfp_lock_acquire
                0x08008004        0xc /opt/st/stm32cubeide_1.19.0/plugins/com.st.stm32cube.ide.mcu.externaltools.gnu-tools-for-stm32.13.3.rel1.linux64_1.0.0.202410170706/tools/bin/../lib/gcc/arm-none-eabi/13.3.1/../../../../arm-none-eabi/lib/thumb/v7e-m+fp/hard/libc_nano.a(libc_a-findfp.o)
                0x08008004                __sfp_lock_acquire
 .text.__sfp_lock_release
                0x08008010        0xc /opt/st/stm32cubeide_1.19.0/plugins/com.st.stm32cube.ide.mcu.externaltools.gnu-tools-for-stm32.13.3.rel1.linux64_1.0.0.202410170706/tools/bin/../lib/gcc/arm-none-eabi/13.3.1/../../../../arm-none-eabi/lib/thumb/v7e-m+fp/hard/libc_nano.a(libc_a-findfp.o)
                0x08008010                __sfp_lock_release
 .text.__sinit  0x0800801c       0x30 /opt/st/stm32cubeide_1.19.0/plugins/com.st.stm32cube.ide.mcu.externaltools.gnu-tools-for-stm32.13.3.rel1.linux64_1.0.0.202410170706/tools/bin/../lib/gcc/arm-none-eabi/13.3.1/../../../../arm-none-eabi/lib/thumb/v7e-m+fp/hard/libc_nano.a(libc_a-findfp.o)
                0x0800801c                __sinit
 .text._fwalk_sglue
                0x0800804c       0x3c /opt/st/stm32cubeide_1.19.0/plugins/com.st.stm32cube.ide.mcu.externaltools.gnu-tools-for-stm32.13.3.rel1.linux64_1.0.0.202410170706/tools/bin/../lib/gcc/arm-none-eabi/13.3.1/../../../../arm-none-eabi/lib/thumb/v7e-m+fp/hard/libc_nano.a(libc_a-fwalk.o)
                0x0800804c                _fwalk_sglue
 .text.printf   0x08008088       0x24 /opt/st/stm32cubeide_1.19.0/plugins/com.st.stm32cube.ide.mcu.externaltools.gnu-tools-for-stm32.13.3.rel1.linux64_1.0.0.202410170706/tools/bin/../lib/gcc/arm-none-eabi/13.3.1/../../../../arm-none-eabi/lib/thumb/v7e-m+fp/hard/libc_nano.a(libc_a-printf.o)
                0x08008088                printf
                0x08008088                iprintf
 .text._puts_r  0x080080ac       0xaa /opt/st/stm32cubeide_1.19.0/plugins/com.st.stm32cube.ide.mcu.externaltools.gnu-tools-for-stm32.13.3.rel1.linux64_1.0.0.202410170706/tools/bin/../lib/gcc/arm-none-eabi/13.3.1/../../../../arm-none-eabi/lib/thumb/v7e-m+fp/hard/libc_nano.a(libc_a-puts.o)
                0x080080ac                _puts_r
 *fill*         0x08008156        0x2 
 .text.puts     0x08008158       0x10 /opt/st/stm32cubeide_1.19.0/plugins/com.st.stm32cube.ide.mcu.externaltools.gnu-tools-for-stm32.13.3.rel1.linux64_1.0.0.202410170706/tools/bin/../lib/gcc/arm-none-eabi/13.3.1/../../../../arm-none-eabi/lib/thumb/v7e-m+fp/hard/libc_nano.a(libc_a-puts.o)
                0x08008158                puts
 .text.setvbuf  0x08008168      0x168 /opt/st/stm32cubeide_1.19.0/plugins/com.st.stm32cube.ide.mcu.externaltools.gnu-tools-for-stm32.13.3.rel1.linux64_1.0.0.202410170706/tools/bin/../lib/gcc/arm-none-eabi/13.3.1/../../../../arm-none-eabi/lib/thumb/v7e-m+fp/hard/libc_nano.a(libc_a-setvbuf.o)
                0x08008168                setvbuf
 .text.__sread  0x080082d0       0x22 /opt/st/stm32cubeide_1.19.0/plugins/com.st.stm32cube.ide.mcu.externaltools.gnu-tools-for-stm32.13.3.rel1.linux64_1.0.0.202410170706/tools/bin/../lib/gcc/arm-none-eabi/13.3.1/../../../../arm-none-eabi/lib/thumb/v7e-m+fp/hard/libc_nano.a(libc_a-stdio.o)
                0x080082d0                __sread
 .text.__swrite
                0x080082f2       0x38 /opt/st/stm32cubeide_1.19.0/plugins/com.st.stm32cube.ide.mcu.externaltools.gnu-tools-for-stm32.13.3.rel1.linux64_1.0.0.202410170706/tools/bin/../lib/gcc/arm-none-eabi/13.3.1/../../../../arm-none-eabi/lib/thumb/v7e-m+fp/hard/libc_nano.a(libc_a-stdio.o)
                0x080082f2                __swrite
 .text.__sseek  0x0800832a       0x24 /opt/st/stm32cubeide_1.19.0/plugins/com.st.stm32cube.ide.mcu.externaltools.gnu-tools-for-stm32.13.3.rel1.linux64_1.0.0.202410170706/tools/bin/../lib/gcc/arm-none-eabi/13.3.1/../../../../arm-none-eabi/lib/thumb/v7e-m+fp/hard/libc_nano.a(libc_a-stdio.o)
                0x0800832a                __sseek
 .text.__sclose
                0x0800834e        0x8 /opt/st/stm32cubeide_1.19.0/plugins/com.st.stm32cube.ide.mcu.externaltools.gnu-tools-for-stm32.13.3.rel1.linux64_1.0.0.202410170706/tools/bin/../lib/gcc/arm-none-eabi/13.3.1/../../../../arm-none-eabi/lib/thumb/v7e-m+fp/hard/libc_nano.a(libc_a-stdio.o)
                0x0800834e                __sclose
 .text.__swbuf_r
                0x08008356       0x7c /opt/st/stm32cubeide_1.19.0/plugins/com.st.stm32cube.ide.mcu.externaltools.gnu-tools-for-stm32.13.3.rel1.linux64_1.0.0.202410170706/tools/bin/../lib/gcc/arm-none-eabi/13.3.1/../../../../arm-none-eabi/lib/thumb/v7e-m+fp/hard/libc_nano.a(libc_a-wbuf.o)
                0x08008356                __swbuf_r
 *fill*         0x080083d2        0x2 
 .text.__swsetup_r
                0x080083d4       0xac /opt/st/stm32cubeide_1.19.0/plugins/com.st.stm32cube.ide.mcu.externaltools.gnu-tools-for-stm32.13.3.rel1.linux64_1.0.0.202410170706/tools/bin/../lib/gcc/arm-none-eabi/13.3.1/../../../../arm-none-eabi/lib/thumb/v7e-m+fp/hard/libc_nano.a(libc_a-wsetup.o)
                0x080083d4                __swsetup_r
 .text.memset   0x08008480       0x10 /opt/st/stm32cubeide_1.19.0/plugins/com.st.stm32cube.ide.mcu.externaltools.gnu-tools-for-stm32.13.3.rel1.linux64_1.0.0.202410170706/tools/bin/../lib/gcc/arm-none-eabi/13.3.1/../../../../arm-none-eabi/lib/thumb/v7e-m+fp/hard/libc_nano.a(libc_a-memset.o)
                0x08008480                memset
 .text._close_r
                0x08008490       0x20 /opt/st/stm32cubeide_1.19.0/plugins/com.st.stm32cube.ide.mcu.externaltools.gnu-tools-for-stm32.13.3.rel1.linux64_1.0.0.202410170706/tools/bin/../lib/gcc/arm-none-eabi/13.3.1/../../../../arm-none-eabi/lib/thumb/v7e-m+fp/hard/libc_nano.a(libc_a-closer.o)
                0x08008490                _close_r
 .text._lseek_r
                0x080084b0       0x24 /opt/st/stm32cubeide_1.19.0/plugins/com.st.stm32cube.ide.mcu.externaltools.gnu-tools-for-stm32.13.3.rel1.linux64_1.0.0.202410170706/tools/bin/../lib/gcc/arm-none-eabi/13.3.1/../../../../arm-none-eabi/lib/thumb/v7e-m+fp/hard/libc_nano.a(libc_a-lseekr.o)
                0x080084b0                _lseek_r
 .text._read_r  0x080084d4       0x24 /opt/st/stm32cubeide_1.19.0/plugins/com.st.stm32cube.ide.mcu.externaltools.gnu-tools-for-stm32.13.3.rel1.linux64_1.0.0.202410170706/tools/bin/../lib/gcc/arm-none-eabi/13.3.1/../../../../arm-none-eabi/lib/thumb/v7e-m+fp/hard/libc_nano.a(libc_a-readr.o)
                0x080084d4                _read_r
 .text._write_r
                0x080084f8       0x24 /opt/st/stm32cubeide_1.19.0/plugins/com.st.stm32cube.ide.mcu.externaltools.gnu-tools-for-stm32.13.3.rel1.linux64_1.0.0.202410170706/tools/bin/../lib/gcc/arm-none-eabi/13.3.1/../../../../arm-none-eabi/lib/thumb/v7e-m+fp/hard/libc_nano.a(libc_a-writer.o)
                0x080084f8                _write_r
 .text.__errno  0x0800851c        0xc /opt/st/stm32cubeide_1.19.0/plugins/com.st.stm32cube.ide.mcu.externaltools.gnu-tools-for-stm32.13.3.rel1.linux64_1.0.0.202410170706/tools/bin/../lib/gcc/arm-none-eabi/13.3.1/../../../../arm-none-eabi/lib/thumb/v7e-m+fp/hard/libc_nano.a(libc_a-errno.o)
                0x0800851c                __errno
 .text.__libc_init_array
                0x08008528       0x48 /opt/st/stm32cubeide_1.19.0/plugins/com.st.stm32cube.ide.mcu.externaltools.gnu-tools-for-stm32.13.3.rel1.linux64_1.0.0.202410170706/tools/bin/../lib/gcc/arm-none-eabi/13.3.1/../../../../arm-none-eabi/lib/thumb/v7e-m+fp/hard/libc_nano.a(libc_a-init.o)
                0x08008528                __libc_init_array
 .text.__retarget_lock_init_recursive
                0x08008570        0x2 /opt/st/stm32cubeide_1.19.0/plugins/com.st.stm32cube.ide.mcu.externaltools.gnu-tools-for-stm32.13.3.rel1.linux64_1.0.0.202410170706/tools/bin/../lib/gcc/arm-none-eabi/13.3.1/../../../../arm-none-eabi/lib/thumb/v7e-m+fp/hard/libc_nano.a(libc_a-lock.o)
                0x08008570                __retarget_lock_init_recursive
 .text.__retarget_lock_acquire_recursive
                0x08008572        0x2 /opt/st/stm32cubeide_1.19.0/plugins/com.st.stm32cube.ide.mcu.externaltools.gnu-tools-for-stm32.13.3.rel1.linux64_1.0.0.202410170706/tools/bin/../lib/gcc/arm-none-eabi/13.3.1/../../../../arm-none-eabi/lib/thumb/v7e-m+fp/hard/libc_nano.a(libc_a-lock.o)
                0x08008572                __retarget_lock_acquire_recursive
 .text.__retarget_lock_release_recursive
                0x08008574        0x2 /opt/st/stm32cubeide_1.19.0/plugins/com.st.stm32cube.ide.mcu.externaltools.gnu-tools-for-stm32.13.3.rel1.linux64_1.0.0.202410170706/tools/bin/../lib/gcc/arm-none-eabi/13.3.1/../../../../arm-none-eabi/lib/thumb/v7e-m+fp/hard/libc_nano.a(libc_a-lock.o)
                0x08008574                __retarget_lock_release_recursive
 .text.memcpy   0x08008576       0x1c /opt/st/stm32cubeide_1.19.0/plugins/com.st.stm32cube.ide.mcu.externaltools.gnu-tools-for-stm32.13.3.rel1.linux64_1.0.0.202410170706/tools/bin/../lib/gcc/arm-none-eabi/13.3.1/../../../../arm-none-eabi/lib/thumb/v7e-m+fp/hard/libc_nano.a(libc_a-memcpy-stub.o)
                0x08008576                memcpy
 *fill*         0x08008592        0x2 
 .text._free_r  0x08008594       0x94 /opt/st/stm32cubeide_1.19.0/plugins/com.st.stm32cube.ide.mcu.externaltools.gnu-tools-for-stm32.13.3.rel1.linux64_1.0.0.202410170706/tools/bin/../lib/gcc/arm-none-eabi/13.3.1/../../../../arm-none-eabi/lib/thumb/v7e-m+fp/hard/libc_nano.a(libc_a-freer.o)
                0x08008594                _free_r
 .text.malloc   0x08008628       0x10 /opt/st/stm32cubeide_1.19.0/plugins/com.st.stm32cube.ide.mcu.externaltools.gnu-tools-for-stm32.13.3.rel1.linux64_1.0.0.202410170706/tools/bin/../lib/gcc/arm-none-eabi/13.3.1/../../../../arm-none-eabi/lib/thumb/v7e-m+fp/hard/libc_nano.a(libc_a-malloc.o)
                0x08008628                malloc
 .text.sbrk_aligned
                0x08008638       0x44 /opt/st/stm32cubeide_1.19.0/plugins/com.st.stm32cube.ide.mcu.externaltools.gnu-tools-for-stm32.13.3.rel1.linux64_1.0.0.202410170706/tools/bin/../lib/gcc/arm-none-eabi/13.3.1/../../../../arm-none-eabi/lib/thumb/v7e-m+fp/hard/libc_nano.a(libc_a-mallocr.o)
 .text._malloc_r
                0x0800867c      0x100 /opt/st/stm32cubeide_1.19.0/plugins/com.st.stm32cube.ide.mcu.externaltools.gnu-tools-for-stm32.13.3.rel1.linux64_1.0.0.202410170706/tools/bin/../lib/gcc/arm-none-eabi/13.3.1/../../../../arm-none-eabi/lib/thumb/v7e-m+fp/hard/libc_nano.a(libc_a-mallocr.o)
                0x0800867c                _malloc_r
 .text.__malloc_lock
                0x0800877c        0xc /opt/st/stm32cubeide_1.19.0/plugins/com.st.stm32cube.ide.mcu.externaltools.gnu-tools-for-stm32.13.3.rel1.linux64_1.0.0.202410170706/tools/bin/../lib/gcc/arm-none-eabi/13.3.1/../../../../arm-none-eabi/lib/thumb/v7e-m+fp/hard/libc_nano.a(libc_a-mlock.o)
                0x0800877c                __malloc_lock
 .text.__malloc_unlock
                0x08008788        0xc /opt/st/stm32cubeide_1.19.0/plugins/com.st.stm32cube.ide.mcu.externaltools.gnu-tools-for-stm32.13.3.rel1.linux64_1.0.0.202410170706/tools/bin/../lib/gcc/arm-none-eabi/13.3.1/../../../../arm-none-eabi/lib/thumb/v7e-m+fp/hard/libc_nano.a(libc_a-mlock.o)
                0x08008788                __malloc_unlock
 .text.__sfputc_r
                0x08008794       0x2e /opt/st/stm32cubeide_1.19.0/plugins/com.st.stm32cube.ide.mcu.externaltools.gnu-tools-for-stm32.13.3.rel1.linux64_1.0.0.202410170706/tools/bin/../lib/gcc/arm-none-eabi/13.3.1/../../../../arm-none-eabi/lib/thumb/v7e-m+fp/hard/libc_nano.a(libc_a-nano-vfprintf.o)
 .text.__sfputs_r
                0x080087c2       0x24 /opt/st/stm32cubeide_1.19.0/plugins/com.st.stm32cube.ide.mcu.externaltools.gnu-tools-for-stm32.13.3.rel1.linux64_1.0.0.202410170706/tools/bin/../lib/gcc/arm-none-eabi/13.3.1/../../../../arm-none-eabi/lib/thumb/v7e-m+fp/hard/libc_nano.a(libc_a-nano-vfprintf.o)
                0x080087c2                __sfputs_r
 *fill*         0x080087e6        0x2 
 .text._vfprintf_r
                0x080087e8      0x230 /opt/st/stm32cubeide_1.19.0/plugins/com.st.stm32cube.ide.mcu.externaltools.gnu-tools-for-stm32.13.3.rel1.linux64_1.0.0.202410170706/tools/bin/../lib/gcc/arm-none-eabi/13.3.1/../../../../arm-none-eabi/lib/thumb/v7e-m+fp/hard/libc_nano.a(libc_a-nano-vfprintf.o)
                0x080087e8                _vfiprintf_r
                0x080087e8                _vfprintf_r
 .text._printf_common
                0x08008a18       0xda /opt/st/stm32cubeide_1.19.0/plugins/com.st.stm32cube.ide.mcu.externaltools.gnu-tools-for-stm32.13.3.rel1.linux64_1.0.0.202410170706/tools/bin/../lib/gcc/arm-none-eabi/13.3.1/../../../../arm-none-eabi/lib/thumb/v7e-m+fp/hard/libc_nano.a(libc_a-nano-vfprintf_i.o)
                0x08008a18                _printf_common
 *fill*         0x08008af2        0x2 
 .text._printf_i
                0x08008af4      0x23c /opt/st/stm32cubeide_1.19.0/plugins/com.st.stm32cube.ide.mcu.externaltools.gnu-tools-for-stm32.13.3.rel1.linux64_1.0.0.202410170706/tools/bin/../lib/gcc/arm-none-eabi/13.3.1/../../../../arm-none-eabi/lib/thumb/v7e-m+fp/hard/libc_nano.a(libc_a-nano-vfprintf_i.o)
                0x08008af4                _printf_i
 .text.__sflush_r
                0x08008d30      0x108 /opt/st/stm32cubeide_1.19.0/plugins/com.st.stm32cube.ide.mcu.externaltools.gnu-tools-for-stm32.13.3.rel1.linux64_1.0.0.202410170706/tools/bin/../lib/gcc/arm-none-eabi/13.3.1/../../../../arm-none-eabi/lib/thumb/v7e-m+fp/hard/libc_nano.a(libc_a-fflush.o)
                0x08008d30                __sflush_r
 .text._fflush_r
                0x08008e38       0x50 /opt/st/stm32cubeide_1.19.0/plugins/com.st.stm32cube.ide.mcu.externaltools.gnu-tools-for-stm32.13.3.rel1.linux64_1.0.0.202410170706/tools/bin/../lib/gcc/arm-none-eabi/13.3.1/../../../../arm-none-eabi/lib/thumb/v7e-m+fp/hard/libc_nano.a(libc_a-fflush.o)
                0x08008e38                _fflush_r
 .text.__swhatbuf_r
                0x08008e88       0x4c /opt/st/stm32cubeide_1.19.0/plugins/com.st.stm32cube.ide.mcu.externaltools.gnu-tools-for-stm32.13.3.rel1.linux64_1.0.0.202410170706/tools/bin/../lib/gcc/arm-none-eabi/13.3.1/../../../../arm-none-eabi/lib/thumb/v7e-m+fp/hard/libc_nano.a(libc_a-makebuf.o)
                0x08008e88                __swhatbuf_r
 .text.__smakebuf_r
                0x08008ed4       0x78 /opt/st/stm32cubeide_1.19.0/plugins/com.st.stm32cube.ide.mcu.externaltools.gnu-tools-for-stm32.13.3.rel1.linux64_1.0.0.202410170706/tools/bin/../lib/gcc/arm-none-eabi/13.3.1/../../../../arm-none-eabi/lib/thumb/v7e-m+fp/hard/libc_nano.a(libc_a-makebuf.o)
                0x08008ed4                __smakebuf_r
 .text._fstat_r
                0x08008f4c       0x24 /opt/st/stm32cubeide_1.19.0/plugins/com.st.stm32cube.ide.mcu.externaltools.gnu-tools-for-stm32.13.3.rel1.linux64_1.0.0.202410170706/tools/bin/../lib/gcc/arm-none-eabi/13.3.1/../../../../arm-none-eabi/lib/thumb/v7e-m+fp/hard/libc_nano.a(libc_a-fstatr.o)
                0x08008f4c                _fstat_r
 .text._isatty_r
                0x08008f70       0x20 /opt/st/stm32cubeide_1.19.0/plugins/com.st.stm32cube.ide.mcu.externaltools.gnu-tools-for-stm32.13.3.rel1.linux64_1.0.0.202410170706/tools/bin/../lib/gcc/arm-none-eabi/13.3.1/../../../../arm-none-eabi/lib/thumb/v7e-m+fp/hard/libc_nano.a(libc_a-isattyr.o)
                0x08008f70                _isatty_r
 .text._sbrk_r  0x08008f90       0x20 /opt/st/stm32cubeide_1.19.0/plugins/com.st.stm32cube.ide.mcu.externaltools.gnu-tools-for-stm32.13.3.rel1.linux64_1.0.0.202410170706/tools/bin/../lib/gcc/arm-none-eabi/13.3.1/../../../../arm-none-eabi/lib/thumb/v7e-m+fp/hard/libc_nano.a(libc_a-sbrkr.o)
                0x08008f90                _sbrk_r
 *(.glue_7)
 .glue_7        0x08008fb0        0x0 linker stubs
 *(.glue_7t)
 .glue_7t       0x08008fb0        0x0 linker stubs
 *(.eh_frame)
 .eh_frame      0x08008fb0        0x0 /opt/st/stm32cubeide_1.19.0/plugins/com.st.stm32cube.ide.mcu.externaltools.gnu-tools-for-stm32.13.3.rel1.linux64_1.0.0.202410170706/tools/bin/../lib/gcc/arm-none-eabi/13.3.1/thumb/v7e-m+fp/hard/crtbegin.o
 *(.init)
 .init          0x08008fb0        0x4 /opt/st/stm32cubeide_1.19.0/plugins/com.st.stm32cube.ide.mcu.externaltools.gnu-tools-for-stm32.13.3.rel1.linux64_1.0.0.202410170706/tools/bin/../lib/gcc/arm-none-eabi/13.3.1/thumb/v7e-m+fp/hard/crti.o
                0x08008fb0                _init
 .init          0x08008fb4        0x8 /opt/st/stm32cubeide_1.19.0/plugins/com.st.stm32cube.ide.mcu.externaltools.gnu-tools-for-stm32.13.3.rel1.linux64_1.0.0.202410170706/tools/bin/../lib/gcc/arm-none-eabi/13.3.1/thumb/v7e-m+fp/hard/crtn.o
 *(.fini)
 .fini          0x08008fbc        0x4 /opt/st/stm32cubeide_1.19.0/plugins/com.st.stm32cube.ide.mcu.externaltools.gnu-tools-for-stm32.13.3.rel1.linux64_1.0.0.202410170706/tools/bin/../lib/gcc/arm-none-eabi/13.3.1/thumb/v7e-m+fp/hard/crti.o
                0x08008fbc                _fini
 .fini          0x08008fc0        0x8 /opt/st/stm32cubeide_1.19.0/plugins/com.st.stm32cube.ide.mcu.externaltools.gnu-tools-for-stm32.13.3.rel1.linux64_1.0.0.202410170706/tools/bin/../lib/gcc/arm-none-eabi/13.3.1/thumb/v7e-m+fp/hard/crtn.o
                0x08008fc8                        . = ALIGN (0x4)
                0x08008fc8                        _etext = .

.vfp11_veneer   0x08008fc8        0x0
 .vfp11_veneer  0x08008fc8        0x0 linker stubs

.v4_bx          0x08008fc8        0x0
 .v4_bx         0x08008fc8        0x0 linker stubs

.iplt           0x08008fc8        0x0
 .iplt          0x08008fc8        0x0 /opt/st/stm32cubeide_1.19.0/plugins/com.st.stm32cube.ide.mcu.externaltools.gnu-tools-for-stm32.13.3.rel1.linux64_1.0.0.202410170706/tools/bin/../lib/gcc/arm-none-eabi/13.3.1/thumb/v7e-m+fp/hard/crtbegin.o

.rodata         0x08008fc8    0x15e40
                0x08008fc8                        . = ALIGN (0x4)
 *(.rodata)
 .rodata        0x08008fc8       0x6c ./Drivers/BSP/Components/vl53l8cx/modules/vl53l8cx_api.o
 .rodata        0x08009034        0x8 ./Drivers/BSP/Components/vl53l8cx/modules/vl53l8cx_plugin_detection_thresholds.o
 .rodata        0x0800903c      0x652 ./TOF/App/app_tof.o
 *(.rodata*)
 *fill*         0x0800968e        0x2 
 .rodata.AHBPrescTable
                0x08009690       0x10 ./Core/Src/system_stm32f4xx.o
                0x08009690                AHBPrescTable
 .rodata.APBPrescTable
                0x080096a0        0x8 ./Core/Src/system_stm32f4xx.o
                0x080096a0                APBPrescTable
 .rodata.VL53L8CX_FIRMWARE
                0x080096a8    0x15000 ./Drivers/BSP/Components/vl53l8cx/modules/vl53l8cx_api.o
                0x080096a8                VL53L8CX_FIRMWARE
 .rodata.VL53L8CX_DEFAULT_CONFIGURATION
                0x0801e6a8      0x3cc ./Drivers/BSP/Components/vl53l8cx/modules/vl53l8cx_api.o
                0x0801e6a8                VL53L8CX_DEFAULT_CONFIGURATION
 .rodata.VL53L8CX_DEFAULT_XTALK
                0x0801ea74      0x308 ./Drivers/BSP/Components/vl53l8cx/modules/vl53l8cx_api.o
                0x0801ea74                VL53L8CX_DEFAULT_XTALK
 .rodata.VL53L8CX_GET_NVM_CMD
                0x0801ed7c       0x28 ./Drivers/BSP/Components/vl53l8cx/modules/vl53l8cx_api.o
                0x0801ed7c                VL53L8CX_GET_NVM_CMD
 .rodata.CUSTOM_RANGING_HwConfig
                0x0801eda4       0x30 ./TOF/Target/custom_ranging_sensor.o
 .rodata._vfprintf_r.str1.1
                0x0801edd4       0x33 /opt/st/stm32cubeide_1.19.0/plugins/com.st.stm32cube.ide.mcu.externaltools.gnu-tools-for-stm32.13.3.rel1.linux64_1.0.0.202410170706/tools/bin/../lib/gcc/arm-none-eabi/13.3.1/../../../../arm-none-eabi/lib/thumb/v7e-m+fp/hard/libc_nano.a(libc_a-nano-vfprintf.o)
                                 0x11 (size before relaxing)
 .rodata._printf_i.str1.1
                0x0801ee07       0x22 /opt/st/stm32cubeide_1.19.0/plugins/com.st.stm32cube.ide.mcu.externaltools.gnu-tools-for-stm32.13.3.rel1.linux64_1.0.0.202410170706/tools/bin/../lib/gcc/arm-none-eabi/13.3.1/../../../../arm-none-eabi/lib/thumb/v7e-m+fp/hard/libc_nano.a(libc_a-nano-vfprintf_i.o)
                0x0801ee2c                        . = ALIGN (0x4)
 *fill*         0x0801ee07        0x1 

.ARM.extab      0x0801ee08        0x0
                0x0801ee08                        . = ALIGN (0x4)
 *(.ARM.extab* .gnu.linkonce.armextab.*)
                0x0801ee08                        . = ALIGN (0x4)

.ARM            0x0801ee08        0x8
                0x0801ee08                        . = ALIGN (0x4)
                0x0801ee08                        __exidx_start = .
 *(.ARM.exidx*)
 .ARM.exidx     0x0801ee08        0x8 /opt/st/stm32cubeide_1.19.0/plugins/com.st.stm32cube.ide.mcu.externaltools.gnu-tools-for-stm32.13.3.rel1.linux64_1.0.0.202410170706/tools/bin/../lib/gcc/arm-none-eabi/13.3.1/../../../../arm-none-eabi/lib/thumb/v7e-m+fp/hard/libc_nano.a(libc_a-memchr.o)
 .ARM.exidx     0x0801ee10        0x0 /opt/st/stm32cubeide_1.19.0/plugins/com.st.stm32cube.ide.mcu.externaltools.gnu-tools-for-stm32.13.3.rel1.linux64_1.0.0.202410170706/tools/bin/../lib/gcc/arm-none-eabi/13.3.1/thumb/v7e-m+fp/hard/libgcc.a(_udivmoddi4.o)
                                  0x8 (size before relaxing)
                0x0801ee10                        __exidx_end = .
                0x0801ee10                        . = ALIGN (0x4)

.preinit_array  0x0801ee10        0x0
                0x0801ee10                        . = ALIGN (0x4)
                0x0801ee10                        PROVIDE (__preinit_array_start = .)
 *(.preinit_array*)
                0x0801ee10                        PROVIDE (__preinit_array_end = .)
                0x0801ee10                        . = ALIGN (0x4)

.init_array     0x0801ee10        0x4
                0x0801ee10                        . = ALIGN (0x4)
                0x0801ee10                        PROVIDE (__init_array_start = .)
 *(SORT_BY_NAME(.init_array.*))
 *(.init_array*)
 .init_array    0x0801ee10        0x4 /opt/st/stm32cubeide_1.19.0/plugins/com.st.stm32cube.ide.mcu.externaltools.gnu-tools-for-stm32.13.3.rel1.linux64_1.0.0.202410170706/tools/bin/../lib/gcc/arm-none-eabi/13.3.1/thumb/v7e-m+fp/hard/crtbegin.o
                0x0801ee14                        PROVIDE (__init_array_end = .)
                0x0801ee14                        . = ALIGN (0x4)

.fini_array     0x0801ee14        0x4
                0x0801ee14                        . = ALIGN (0x4)
                [!provide]                        PROVIDE (__fini_array_start = .)
 *(SORT_BY_NAME(.fini_array.*))
 *(.fini_array*)
 .fini_array    0x0801ee14        0x4 /opt/st/stm32cubeide_1.19.0/plugins/com.st.stm32cube.ide.mcu.externaltools.gnu-tools-for-stm32.13.3.rel1.linux64_1.0.0.202410170706/tools/bin/../lib/gcc/arm-none-eabi/13.3.1/thumb/v7e-m+fp/hard/crtbegin.o
                [!provide]                        PROVIDE (__fini_array_end = .)
                0x0801ee18                        . = ALIGN (0x4)
                0x0801ee18                        _sidata = LOADADDR (.data)

.rel.dyn        0x0801ee18        0x0
 .rel.iplt      0x0801ee18        0x0 /opt/st/stm32cubeide_1.19.0/plugins/com.st.stm32cube.ide.mcu.externaltools.gnu-tools-for-stm32.13.3.rel1.linux64_1.0.0.202410170706/tools/bin/../lib/gcc/arm-none-eabi/13.3.1/thumb/v7e-m+fp/hard/crtbegin.o

.data           0x20000000       0xa4 load address 0x0801ee18
                0x20000000                        . = ALIGN (0x4)
                0x20000000                        _sdata = .
 *(.data)
 *(.data*)
 .data.SystemCoreClock
                0x20000000        0x4 ./Core/Src/system_stm32f4xx.o
                0x20000000                SystemCoreClock
 .data.VL53L8CX_RANGING_SENSOR_Driver
                0x20000004       0x38 ./Drivers/BSP/Components/vl53l8cx/vl53l8cx.o
                0x20000004                VL53L8CX_RANGING_SENSOR_Driver
 .data.COM_USART
                0x2000003c        0x4 ./Drivers/BSP/STM32F4xx_Nucleo/stm32f4xx_nucleo.o
                0x2000003c                COM_USART
 .data.uwTickPrio
                0x20000040        0x4 ./Drivers/STM32F4xx_HAL_Driver/Src/stm32f4xx_hal.o
                0x20000040                uwTickPrio
 .data.uwTickFreq
                0x20000044        0x1 ./Drivers/STM32F4xx_HAL_Driver/Src/stm32f4xx_hal.o
                0x20000044                uwTickFreq
 .data.TofBinaryOutputEnabled
                0x20000045        0x1 ./TOF/App/app_tof.o
 *fill*         0x20000046        0x2 
 .data.__sglue  0x20000048        0xc /opt/st/stm32cubeide_1.19.0/plugins/com.st.stm32cube.ide.mcu.externaltools.gnu-tools-for-stm32.13.3.rel1.linux64_1.0.0.202410170706/tools/bin/../lib/gcc/arm-none-eabi/13.3.1/../../../../arm-none-eabi/lib/thumb/v7e-m+fp/hard/libc_nano.a(libc_a-findfp.o)
                0x20000048                __sglue
 .data._impure_ptr
                0x20000054        0x4 /opt/st/stm32cubeide_1.19.0/plugins/com.st.stm32cube.ide.mcu.externaltools.gnu-tools-for-stm32.13.3.rel1.linux64_1.0.0.202410170706/tools/bin/../lib/gcc/arm-none-eabi/13.3.1/../../../../arm-none-eabi/lib/thumb/v7e-m+fp/hard/libc_nano.a(libc_a-impure.o)
                0x20000054                _impure_ptr
 .data._impure_data
                0x20000058       0x4c /opt/st/stm32cubeide_1.19.0/plugins/com.st.stm32cube.ide.mcu.externaltools.gnu-tools-for-stm32.13.3.rel1.linux64_1.0.0.202410170706/tools/bin/../lib/gcc/arm-none-eabi/13.3.1/../../../../arm-none-eabi/lib/thumb/v7e-m+fp/hard/libc_nano.a(libc_a-impure.o)
                0x20000058                _impure_data
 *(.RamFunc)
 *(.RamFunc*)
                0x200000a4                        . = ALIGN (0x4)
                0x200000a4                        _edata = .

.igot.plt       0x200000a4        0x0 load address 0x0801eebc
 .igot.plt      0x200000a4        0x0 /opt/st/stm32cubeide_1.19.0/plugins/com.st.stm32cube.ide.mcu.externaltools.gnu-tools-for-stm32.13.3.rel1.linux64_1.0.0.202410170706/tools/bin/../lib/gcc/arm-none-eabi/13.3.1/thumb/v7e-m+fp/hard/crtbegin.o
                0x200000a4                        . = ALIGN (0x4)

.bss            0x200000a4     0x276c load address 0x0801eebc
                0x200000a4                        _sbss = .
                0x200000a4                        __bss_start__ = _sbss
 *(.bss)
 .bss           0x200000a4       0x1c /opt/st/stm32cubeide_1.19.0/plugins/com.st.stm32cube.ide.mcu.externaltools.gnu-tools-for-stm32.13.3.rel1.linux64_1.0.0.202410170706/tools/bin/../lib/gcc/arm-none-eabi/13.3.1/thumb/v7e-m+fp/hard/crtbegin.o
 *(.bss*)
 .bss.hi2c1     0x200000c0       0x54 ./Core/Src/stm32f4xx_nucleo_bus.o
                0x200000c0                hi2c1
 .bss.I2C1InitCounter
                0x20000114        0x4 ./Core/Src/stm32f4xx_nucleo_bus.o
 .bss.__sbrk_heap_end
                0x20000118        0x4 ./Core/Src/sysmem.o
 .bss.thresholds.1
                0x2000011c      0x300 ./Drivers/BSP/Components/vl53l8cx/vl53l8cx.o
 .bss.data.0    0x2000041c      0x102 ./Drivers/BSP/Components/vl53l8cx/vl53l8cx.o
 *fill*         0x2000051e        0x2 
 .bss.hcom_uart
                0x20000520       0x48 ./Drivers/BSP/STM32F4xx_Nucleo/stm32f4xx_nucleo.o
                0x20000520                hcom_uart
 .bss.COM_ActiveLogPort
                0x20000568        0x1 ./Drivers/BSP/STM32F4xx_Nucleo/stm32f4xx_nucleo.o
 *fill*         0x20000569        0x3 
 .bss.uwTick    0x2000056c        0x4 ./Drivers/STM32F4xx_HAL_Driver/Src/stm32f4xx_hal.o
                0x2000056c                uwTick
 .bss.Cap       0x20000570       0x30 ./TOF/App/app_tof.o
 .bss.Profile   0x200005a0       0x14 ./TOF/App/app_tof.o
 .bss.status    0x200005b4        0x4 ./TOF/App/app_tof.o
 .bss.ToF_EventDetected
                0x200005b8        0x1 ./TOF/App/app_tof.o
                0x200005b8                ToF_EventDetected
 *fill*         0x200005b9        0x3 
 .bss.CurrentSensorIdx
                0x200005bc        0x4 ./TOF/App/app_tof.o
 .bss.SensorActive
                0x200005c0        0x3 ./TOF/App/app_tof.o
 *fill*         0x200005c3        0x1 
 .bss.SensorInitError
                0x200005c4        0xc ./TOF/App/app_tof.o
 .bss.ActiveSensorCount
                0x200005d0        0x4 ./TOF/App/app_tof.o
 .bss.TofFrameSequence
                0x200005d4        0x2 ./TOF/App/app_tof.o
 *fill*         0x200005d6        0x2 
 .bss.TofUartTxFailCount
                0x200005d8        0x4 ./TOF/App/app_tof.o
 .bss.Result.0  0x200005dc      0x504 ./TOF/App/app_tof.o
 .bss.CUSTOM_RANGING_CompObj
                0x20000ae0        0xc ./TOF/Target/custom_ranging_sensor.o
                0x20000ae0                CUSTOM_RANGING_CompObj
 .bss.CUSTOM_RANGING_Drv
                0x20000aec        0xc ./TOF/Target/custom_ranging_sensor.o
 .bss.RANGING_SENSOR_Cap
                0x20000af8       0x30 ./TOF/Target/custom_ranging_sensor.o
 .bss.VL53L8CXObj
                0x20000b28     0x1b9c ./TOF/Target/custom_ranging_sensor.o
 .bss.__sf      0x200026c4      0x138 /opt/st/stm32cubeide_1.19.0/plugins/com.st.stm32cube.ide.mcu.externaltools.gnu-tools-for-stm32.13.3.rel1.linux64_1.0.0.202410170706/tools/bin/../lib/gcc/arm-none-eabi/13.3.1/../../../../arm-none-eabi/lib/thumb/v7e-m+fp/hard/libc_nano.a(libc_a-findfp.o)
                0x200026c4                __sf
 .bss.__stdio_exit_handler
                0x200027fc        0x4 /opt/st/stm32cubeide_1.19.0/plugins/com.st.stm32cube.ide.mcu.externaltools.gnu-tools-for-stm32.13.3.rel1.linux64_1.0.0.202410170706/tools/bin/../lib/gcc/arm-none-eabi/13.3.1/../../../../arm-none-eabi/lib/thumb/v7e-m+fp/hard/libc_nano.a(libc_a-findfp.o)
                0x200027fc                __stdio_exit_handler
 .bss.errno     0x20002800        0x4 /opt/st/stm32cubeide_1.19.0/plugins/com.st.stm32cube.ide.mcu.externaltools.gnu-tools-for-stm32.13.3.rel1.linux64_1.0.0.202410170706/tools/bin/../lib/gcc/arm-none-eabi/13.3.1/../../../../arm-none-eabi/lib/thumb/v7e-m+fp/hard/libc_nano.a(libc_a-reent.o)
                0x20002800                errno
 .bss.__lock___malloc_recursive_mutex
                0x20002804        0x1 /opt/st/stm32cubeide_1.19.0/plugins/com.st.stm32cube.ide.mcu.externaltools.gnu-tools-for-stm32.13.3.rel1.linux64_1.0.0.202410170706/tools/bin/../lib/gcc/arm-none-eabi/13.3.1/../../../../arm-none-eabi/lib/thumb/v7e-m+fp/hard/libc_nano.a(libc_a-lock.o)
                0x20002804                __lock___malloc_recursive_mutex
 .bss.__lock___sfp_recursive_mutex
                0x20002805        0x1 /opt/st/stm32cubeide_1.19.0/plugins/com.st.stm32cube.ide.mcu.externaltools.gnu-tools-for-stm32.13.3.rel1.linux64_1.0.0.202410170706/tools/bin/../lib/gcc/arm-none-eabi/13.3.1/../../../../arm-none-eabi/lib/thumb/v7e-m+fp/hard/libc_nano.a(libc_a-lock.o)
                0x20002805                __lock___sfp_recursive_mutex
 *fill*         0x20002806        0x2 
 .bss.__malloc_sbrk_start
                0x20002808        0x4 /opt/st/stm32cubeide_1.19.0/plugins/com.st.stm32cube.ide.mcu.externaltools.gnu-tools-for-stm32.13.3.rel1.linux64_1.0.0.202410170706/tools/bin/../lib/gcc/arm-none-eabi/13.3.1/../../../../arm-none-eabi/lib/thumb/v7e-m+fp/hard/libc_nano.a(libc_a-mallocr.o)
                0x20002808                __malloc_sbrk_start
 .bss.__malloc_free_list
                0x2000280c        0x4 /opt/st/stm32cubeide_1.19.0/plugins/com.st.stm32cube.ide.mcu.externaltools.gnu-tools-for-stm32.13.3.rel1.linux64_1.0.0.202410170706/tools/bin/../lib/gcc/arm-none-eabi/13.3.1/../../../../arm-none-eabi/lib/thumb/v7e-m+fp/hard/libc_nano.a(libc_a-mallocr.o)
                0x2000280c                __malloc_free_list
 *(COMMON)
                0x20002810                        . = ALIGN (0x4)
                0x20002810                        _ebss = .
                0x20002810                        __bss_end__ = _ebss

._user_heap_stack
                0x20002810      0x600 load address 0x0801eebc
                0x20002810                        . = ALIGN (0x8)
                [!provide]                        PROVIDE (end = .)
                0x20002810                        PROVIDE (_end = .)
                0x20002a10                        . = (. + _Min_Heap_Size)
 *fill*         0x20002810      0x200 
                0x20002e10                        . = (. + _Min_Stack_Size)
 *fill*         0x20002a10      0x400 
                0x20002e10                        . = ALIGN (0x8)

/DISCARD/
 libc.a(*)
 libm.a(*)
 libgcc.a(*)

.ARM.attributes
                0x00000000       0x30
 *(.ARM.attributes)
 .ARM.attributes
                0x00000000       0x22 /opt/st/stm32cubeide_1.19.0/plugins/com.st.stm32cube.ide.mcu.externaltools.gnu-tools-for-stm32.13.3.rel1.linux64_1.0.0.202410170706/tools/bin/../lib/gcc/arm-none-eabi/13.3.1/thumb/v7e-m+fp/hard/crti.o
 .ARM.attributes
                0x00000022       0x34 /opt/st/stm32cubeide_1.19.0/plugins/com.st.stm32cube.ide.mcu.externaltools.gnu-tools-for-stm32.13.3.rel1.linux64_1.0.0.202410170706/tools/bin/../lib/gcc/arm-none-eabi/13.3.1/thumb/v7e-m+fp/hard/crtbegin.o
 .ARM.attributes
                0x00000056       0x34 ./Core/Src/main.o
 .ARM.attributes
                0x0000008a       0x34 ./Core/Src/stm32f4xx_hal_msp.o
 .ARM.attributes
                0x000000be       0x34 ./Core/Src/stm32f4xx_it.o
 .ARM.attributes
                0x000000f2       0x34 ./Core/Src/stm32f4xx_nucleo_bus.o
 .ARM.attributes
                0x00000126       0x34 ./Core/Src/syscalls.o
 .ARM.attributes
                0x0000015a       0x34 ./Core/Src/sysmem.o
 .ARM.attributes
                0x0000018e       0x34 ./Core/Src/system_stm32f4xx.o
 .ARM.attributes
                0x000001c2       0x21 ./Core/Startup/startup_stm32f401retx.o
 .ARM.attributes
                0x000001e3       0x34 ./Drivers/BSP/Components/vl53l8cx/modules/vl53l8cx_api.o
 .ARM.attributes
                0x00000217       0x34 ./Drivers/BSP/Components/vl53l8cx/modules/vl53l8cx_plugin_detection_thresholds.o
 .ARM.attributes
                0x0000024b       0x34 ./Drivers/BSP/Components/vl53l8cx/porting/platform.o
 .ARM.attributes
                0x0000027f       0x34 ./Drivers/BSP/Components/vl53l8cx/vl53l8cx.o
 .ARM.attributes
                0x000002b3       0x34 ./Drivers/BSP/STM32F4xx_Nucleo/stm32f4xx_nucleo.o
 .ARM.attributes
                0x000002e7       0x34 ./Drivers/STM32F4xx_HAL_Driver/Src/stm32f4xx_hal.o
 .ARM.attributes
                0x0000031b       0x34 ./Drivers/STM32F4xx_HAL_Driver/Src/stm32f4xx_hal_cortex.o
 .ARM.attributes
                0x0000034f       0x34 ./Drivers/STM32F4xx_HAL_Driver/Src/stm32f4xx_hal_gpio.o
 .ARM.attributes
                0x00000383       0x34 ./Drivers/STM32F4xx_HAL_Driver/Src/stm32f4xx_hal_i2c.o
 .ARM.attributes
                0x000003b7       0x34 ./Drivers/STM32F4xx_HAL_Driver/Src/stm32f4xx_hal_rcc.o
 .ARM.attributes
                0x000003eb       0x34 ./Drivers/STM32F4xx_HAL_Driver/Src/stm32f4xx_hal_uart.o
 .ARM.attributes
                0x0000041f       0x34 ./TOF/App/app_tof.o
 .ARM.attributes
                0x00000453       0x34 ./TOF/Target/app_tof_pin_conf.o
 .ARM.attributes
                0x00000487       0x34 ./TOF/Target/custom_ranging_sensor.o
 .ARM.attributes
                0x000004bb       0x34 /opt/st/stm32cubeide_1.19.0/plugins/com.st.stm32cube.ide.mcu.externaltools.gnu-tools-for-stm32.13.3.rel1.linux64_1.0.0.202410170706/tools/bin/../lib/gcc/arm-none-eabi/13.3.1/../../../../arm-none-eabi/lib/thumb/v7e-m+fp/hard/libc_nano.a(libc_a-findfp.o)
 .ARM.attributes
                0x000004ef       0x34 /opt/st/stm32cubeide_1.19.0/plugins/com.st.stm32cube.ide.mcu.externaltools.gnu-tools-for-stm32.13.3.rel1.linux64_1.0.0.202410170706/tools/bin/../lib/gcc/arm-none-eabi/13.3.1/../../../../arm-none-eabi/lib/thumb/v7e-m+fp/hard/libc_nano.a(libc_a-fwalk.o)
 .ARM.attributes
                0x00000523       0x34 /opt/st/stm32cubeide_1.19.0/plugins/com.st.stm32cube.ide.mcu.externaltools.gnu-tools-for-stm32.13.3.rel1.linux64_1.0.0.202410170706/tools/bin/../lib/gcc/arm-none-eabi/13.3.1/../../../../arm-none-eabi/lib/thumb/v7e-m+fp/hard/libc_nano.a(libc_a-printf.o)
 .ARM.attributes
                0x00000557       0x34 /opt/st/stm32cubeide_1.19.0/plugins/com.st.stm32cube.ide.mcu.externaltools.gnu-tools-for-stm32.13.3.rel1.linux64_1.0.0.202410170706/tools/bin/../lib/gcc/arm-none-eabi/13.3.1/../../../../arm-none-eabi/lib/thumb/v7e-m+fp/hard/libc_nano.a(libc_a-puts.o)
 .ARM.attributes
                0x0000058b       0x34 /opt/st/stm32cubeide_1.19.0/plugins/com.st.stm32cube.ide.mcu.externaltools.gnu-tools-for-stm32.13.3.rel1.linux64_1.0.0.202410170706/tools/bin/../lib/gcc/arm-none-eabi/13.3.1/../../../../arm-none-eabi/lib/thumb/v7e-m+fp/hard/libc_nano.a(libc_a-setvbuf.o)
 .ARM.attributes
                0x000005bf       0x34 /opt/st/stm32cubeide_1.19.0/plugins/com.st.stm32cube.ide.mcu.externaltools.gnu-tools-for-stm32.13.3.rel1.linux64_1.0.0.202410170706/tools/bin/../lib/gcc/arm-none-eabi/13.3.1/../../../../arm-none-eabi/lib/thumb/v7e-m+fp/hard/libc_nano.a(libc_a-stdio.o)
 .ARM.attributes
                0x000005f3       0x34 /opt/st/stm32cubeide_1.19.0/plugins/com.st.stm32cube.ide.mcu.externaltools.gnu-tools-for-stm32.13.3.rel1.linux64_1.0.0.202410170706/tools/bin/../lib/gcc/arm-none-eabi/13.3.1/../../../../arm-none-eabi/lib/thumb/v7e-m+fp/hard/libc_nano.a(libc_a-wbuf.o)
 .ARM.attributes
                0x00000627       0x34 /opt/st/stm32cubeide_1.19.0/plugins/com.st.stm32cube.ide.mcu.externaltools.gnu-tools-for-stm32.13.3.rel1.linux64_1.0.0.202410170706/tools/bin/../lib/gcc/arm-none-eabi/13.3.1/../../../../arm-none-eabi/lib/thumb/v7e-m+fp/hard/libc_nano.a(libc_a-wsetup.o)
 .ARM.attributes
                0x0000065b       0x34 /opt/st/stm32cubeide_1.19.0/plugins/com.st.stm32cube.ide.mcu.externaltools.gnu-tools-for-stm32.13.3.rel1.linux64_1.0.0.202410170706/tools/bin/../lib/gcc/arm-none-eabi/13.3.1/../../../../arm-none-eabi/lib/thumb/v7e-m+fp/hard/libc_nano.a(libc_a-memset.o)
 .ARM.attributes
                0x0000068f       0x34 /opt/st/stm32cubeide_1.19.0/plugins/com.st.stm32cube.ide.mcu.externaltools.gnu-tools-for-stm32.13.3.rel1.linux64_1.0.0.202410170706/tools/bin/../lib/gcc/arm-none-eabi/13.3.1/../../../../arm-none-eabi/lib/thumb/v7e-m+fp/hard/libc_nano.a(libc_a-closer.o)
 .ARM.attributes
                0x000006c3       0x34 /opt/st/stm32cubeide_1.19.0/plugins/com.st.stm32cube.ide.mcu.externaltools.gnu-tools-for-stm32.13.3.rel1.linux64_1.0.0.202410170706/tools/bin/../lib/gcc/arm-none-eabi/13.3.1/../../../../arm-none-eabi/lib/thumb/v7e-m+fp/hard/libc_nano.a(libc_a-reent.o)
 .ARM.attributes
                0x000006f7       0x34 /opt/st/stm32cubeide_1.19.0/plugins/com.st.stm32cube.ide.mcu.externaltools.gnu-tools-for-stm32.13.3.rel1.linux64_1.0.0.202410170706/tools/bin/../lib/gcc/arm-none-eabi/13.3.1/../../../../arm-none-eabi/lib/thumb/v7e-m+fp/hard/libc_nano.a(libc_a-impure.o)
 .ARM.attributes
                0x0000072b       0x34 /opt/st/stm32cubeide_1.19.0/plugins/com.st.stm32cube.ide.mcu.externaltools.gnu-tools-for-stm32.13.3.rel1.linux64_1.0.0.202410170706/tools/bin/../lib/gcc/arm-none-eabi/13.3.1/../../../../arm-none-eabi/lib/thumb/v7e-m+fp/hard/libc_nano.a(libc_a-lseekr.o)
 .ARM.attributes
                0x0000075f       0x34 /opt/st/stm32cubeide_1.19.0/plugins/com.st.stm32cube.ide.mcu.externaltools.gnu-tools-for-stm32.13.3.rel1.linux64_1.0.0.202410170706/tools/bin/../lib/gcc/arm-none-eabi/13.3.1/../../../../arm-none-eabi/lib/thumb/v7e-m+fp/hard/libc_nano.a(libc_a-readr.o)
 .ARM.attributes
                0x00000793       0x34 /opt/st/stm32cubeide_1.19.0/plugins/com.st.stm32cube.ide.mcu.externaltools.gnu-tools-for-stm32.13.3.rel1.linux64_1.0.0.202410170706/tools/bin/../lib/gcc/arm-none-eabi/13.3.1/../../../../arm-none-eabi/lib/thumb/v7e-m+fp/hard/libc_nano.a(libc_a-writer.o)
 .ARM.attributes
                0x000007c7       0x34 /opt/st/stm32cubeide_1.19.0/plugins/com.st.stm32cube.ide.mcu.externaltools.gnu-tools-for-stm32.13.3.rel1.linux64_1.0.0.202410170706/tools/bin/../lib/gcc/arm-none-eabi/13.3.1/../../../../arm-none-eabi/lib/thumb/v7e-m+fp/hard/libc_nano.a(libc_a-errno.o)
 .ARM.attributes
                0x000007fb       0x34 /opt/st/stm32cubeide_1.19.0/plugins/com.st.stm32cube.ide.mcu.externaltools.gnu-tools-for-stm32.13.3.rel1.linux64_1.0.0.202410170706/tools/bin/../lib/gcc/arm-none-eabi/13.3.1/../../../../arm-none-eabi/lib/thumb/v7e-m+fp/hard/libc_nano.a(libc_a-init.o)
 .ARM.attributes
                0x0000082f       0x34 /opt/st/stm32cubeide_1.19.0/plugins/com.st.stm32cube.ide.mcu.externaltools.gnu-tools-for-stm32.13.3.rel1.linux64_1.0.0.202410170706/tools/bin/../lib/gcc/arm-none-eabi/13.3.1/../../../../arm-none-eabi/lib/thumb/v7e-m+fp/hard/libc_nano.a(libc_a-lock.o)
 .ARM.attributes
                0x00000863       0x34 /opt/st/stm32cubeide_1.19.0/plugins/com.st.stm32cube.ide.mcu.externaltools.gnu-tools-for-stm32.13.3.rel1.linux64_1.0.0.202410170706/tools/bin/../lib/gcc/arm-none-eabi/13.3.1/../../../../arm-none-eabi/lib/thumb/v7e-m+fp/hard/libc_nano.a(libc_a-memcpy-stub.o)
 .ARM.attributes
                0x00000897       0x34 /opt/st/stm32cubeide_1.19.0/plugins/com.st.stm32cube.ide.mcu.externaltools.gnu-tools-for-stm32.13.3.rel1.linux64_1.0.0.202410170706/tools/bin/../lib/gcc/arm-none-eabi/13.3.1/../../../../arm-none-eabi/lib/thumb/v7e-m+fp/hard/libc_nano.a(libc_a-freer.o)
 .ARM.attributes
                0x000008cb       0x34 /opt/st/stm32cubeide_1.19.0/plugins/com.st.stm32cube.ide.mcu.externaltools.gnu-tools-for-stm32.13.3.rel1.linux64_1.0.0.202410170706/tools/bin/../lib/gcc/arm-none-eabi/13.3.1/../../../../arm-none-eabi/lib/thumb/v7e-m+fp/hard/libc_nano.a(libc_a-malloc.o)
 .ARM.attributes
                0x000008ff       0x34 /opt/st/stm32cubeide_1.19.0/plugins/com.st.stm32cube.ide.mcu.externaltools.gnu-tools-for-stm32.13.3.rel1.linux64_1.0.0.202410170706/tools/bin/../lib/gcc/arm-none-eabi/13.3.1/../../../../arm-none-eabi/lib/thumb/v7e-m+fp/hard/libc_nano.a(libc_a-mallocr.o)
 .ARM.attributes
                0x00000933       0x34 /opt/st/stm32cubeide_1.19.0/plugins/com.st.stm32cube.ide.mcu.externaltools.gnu-tools-for-stm32.13.3.rel1.linux64_1.0.0.202410170706/tools/bin/../lib/gcc/arm-none-eabi/13.3.1/../../../../arm-none-eabi/lib/thumb/v7e-m+fp/hard/libc_nano.a(libc_a-mlock.o)
 .ARM.attributes
                0x00000967       0x34 /opt/st/stm32cubeide_1.19.0/plugins/com.st.stm32cube.ide.mcu.externaltools.gnu-tools-for-stm32.13.3.rel1.linux64_1.0.0.202410170706/tools/bin/../lib/gcc/arm-none-eabi/13.3.1/../../../../arm-none-eabi/lib/thumb/v7e-m+fp/hard/libc_nano.a(libc_a-nano-vfprintf.o)
 .ARM.attributes
                0x0000099b       0x34 /opt/st/stm32cubeide_1.19.0/plugins/com.st.stm32cube.ide.mcu.externaltools.gnu-tools-for-stm32.13.3.rel1.linux64_1.0.0.202410170706/tools/bin/../lib/gcc/arm-none-eabi/13.3.1/../../../../arm-none-eabi/lib/thumb/v7e-m+fp/hard/libc_nano.a(libc_a-nano-vfprintf_i.o)
 .ARM.attributes
                0x000009cf       0x34 /opt/st/stm32cubeide_1.19.0/plugins/com.st.stm32cube.ide.mcu.externaltools.gnu-tools-for-stm32.13.3.rel1.linux64_1.0.0.202410170706/tools/bin/../lib/gcc/arm-none-eabi/13.3.1/../../../../arm-none-eabi/lib/thumb/v7e-m+fp/hard/libc_nano.a(libc_a-fflush.o)
 .ARM.attributes
                0x00000a03       0x34 /opt/st/stm32cubeide_1.19.0/plugins/com.st.stm32cube.ide.mcu.externaltools.gnu-tools-for-stm32.13.3.rel1.linux64_1.0.0.202410170706/tools/bin/../lib/gcc/arm-none-eabi/13.3.1/../../../../arm-none-eabi/lib/thumb/v7e-m+fp/hard/libc_nano.a(libc_a-makebuf.o)
 .ARM.attributes
                0x00000a37       0x34 /opt/st/stm32cubeide_1.19.0/plugins/com.st.stm32cube.ide.mcu.externaltools.gnu-tools-for-stm32.13.3.rel1.linux64_1.0.0.202410170706/tools/bin/../lib/gcc/arm-none-eabi/13.3.1/../../../../arm-none-eabi/lib/thumb/v7e-m+fp/hard/libc_nano.a(libc_a-fstatr.o)
 .ARM.attributes
                0x00000a6b       0x34 /opt/st/stm32cubeide_1.19.0/plugins/com.st.stm32cube.ide.mcu.externaltools.gnu-tools-for-stm32.13.3.rel1.linux64_1.0.0.202410170706/tools/bin/../lib/gcc/arm-none-eabi/13.3.1/../../../../arm-none-eabi/lib/thumb/v7e-m+fp/hard/libc_nano.a(libc_a-isattyr.o)
 .ARM.attributes
                0x00000a9f       0x34 /opt/st/stm32cubeide_1.19.0/plugins/com.st.stm32cube.ide.mcu.externaltools.gnu-tools-for-stm32.13.3.rel1.linux64_1.0.0.202410170706/tools/bin/../lib/gcc/arm-none-eabi/13.3.1/../../../../arm-none-eabi/lib/thumb/v7e-m+fp/hard/libc_nano.a(libc_a-sbrkr.o)
 .ARM.attributes
                0x00000ad3       0x1c /opt/st/stm32cubeide_1.19.0/plugins/com.st.stm32cube.ide.mcu.externaltools.gnu-tools-for-stm32.13.3.rel1.linux64_1.0.0.202410170706/tools/bin/../lib/gcc/arm-none-eabi/13.3.1/../../../../arm-none-eabi/lib/thumb/v7e-m+fp/hard/libc_nano.a(libc_a-memchr.o)
 .ARM.attributes
                0x00000aef       0x22 /opt/st/stm32cubeide_1.19.0/plugins/com.st.stm32cube.ide.mcu.externaltools.gnu-tools-for-stm32.13.3.rel1.linux64_1.0.0.202410170706/tools/bin/../lib/gcc/arm-none-eabi/13.3.1/thumb/v7e-m+fp/hard/libgcc.a(_aeabi_uldivmod.o)
 .ARM.attributes
                0x00000b11       0x34 /opt/st/stm32cubeide_1.19.0/plugins/com.st.stm32cube.ide.mcu.externaltools.gnu-tools-for-stm32.13.3.rel1.linux64_1.0.0.202410170706/tools/bin/../lib/gcc/arm-none-eabi/13.3.1/thumb/v7e-m+fp/hard/libgcc.a(_udivmoddi4.o)
 .ARM.attributes
                0x00000b45       0x22 /opt/st/stm32cubeide_1.19.0/plugins/com.st.stm32cube.ide.mcu.externaltools.gnu-tools-for-stm32.13.3.rel1.linux64_1.0.0.202410170706/tools/bin/../lib/gcc/arm-none-eabi/13.3.1/thumb/v7e-m+fp/hard/libgcc.a(_dvmd_tls.o)
 .ARM.attributes
                0x00000b67       0x22 /opt/st/stm32cubeide_1.19.0/plugins/com.st.stm32cube.ide.mcu.externaltools.gnu-tools-for-stm32.13.3.rel1.linux64_1.0.0.202410170706/tools/bin/../lib/gcc/arm-none-eabi/13.3.1/thumb/v7e-m+fp/hard/crtn.o
OUTPUT(f401_l8_2.elf elf32-littlearm)
LOAD linker stubs
LOAD /opt/st/stm32cubeide_1.19.0/plugins/com.st.stm32cube.ide.mcu.externaltools.gnu-tools-for-stm32.13.3.rel1.linux64_1.0.0.202410170706/tools/bin/../lib/gcc/arm-none-eabi/13.3.1/../../../../arm-none-eabi/lib/thumb/v7e-m+fp/hard/libc.a
LOAD /opt/st/stm32cubeide_1.19.0/plugins/com.st.stm32cube.ide.mcu.externaltools.gnu-tools-for-stm32.13.3.rel1.linux64_1.0.0.202410170706/tools/bin/../lib/gcc/arm-none-eabi/13.3.1/../../../../arm-none-eabi/lib/thumb/v7e-m+fp/hard/libm.a
LOAD /opt/st/stm32cubeide_1.19.0/plugins/com.st.stm32cube.ide.mcu.externaltools.gnu-tools-for-stm32.13.3.rel1.linux64_1.0.0.202410170706/tools/bin/../lib/gcc/arm-none-eabi/13.3.1/thumb/v7e-m+fp/hard/libgcc.a

.debug_info     0x00000000    0x10153
 .debug_info    0x00000000      0x895 ./Core/Src/main.o
 .debug_info    0x00000895      0x291 ./Core/Src/stm32f4xx_hal_msp.o
 .debug_info    0x00000b26      0x15a ./Core/Src/stm32f4xx_it.o
 .debug_info    0x00000c80      0xdfa ./Core/Src/stm32f4xx_nucleo_bus.o
 .debug_info    0x00001a7a      0x6a3 ./Core/Src/syscalls.o
 .debug_info    0x0000211d      0x168 ./Core/Src/sysmem.o
 .debug_info    0x00002285      0x53e ./Core/Src/system_stm32f4xx.o
 .debug_info    0x000027c3       0x30 ./Core/Startup/startup_stm32f401retx.o
 .debug_info    0x000027f3     0x11c1 ./Drivers/BSP/Components/vl53l8cx/modules/vl53l8cx_api.o
 .debug_info    0x000039b4      0x519 ./Drivers/BSP/Components/vl53l8cx/modules/vl53l8cx_plugin_detection_thresholds.o
 .debug_info    0x00003ecd      0x335 ./Drivers/BSP/Components/vl53l8cx/porting/platform.o
 .debug_info    0x00004202     0x10ad ./Drivers/BSP/Components/vl53l8cx/vl53l8cx.o
 .debug_info    0x000052af      0xb00 ./Drivers/BSP/STM32F4xx_Nucleo/stm32f4xx_nucleo.o
 .debug_info    0x00005daf      0x8bb ./Drivers/STM32F4xx_HAL_Driver/Src/stm32f4xx_hal.o
 .debug_info    0x0000666a      0xcf6 ./Drivers/STM32F4xx_HAL_Driver/Src/stm32f4xx_hal_cortex.o
 .debug_info    0x00007360      0x6f9 ./Drivers/STM32F4xx_HAL_Driver/Src/stm32f4xx_hal_gpio.o
 .debug_info    0x00007a59     0x2426 ./Drivers/STM32F4xx_HAL_Driver/Src/stm32f4xx_hal_i2c.o
 .debug_info    0x00009e7f      0x905 ./Drivers/STM32F4xx_HAL_Driver/Src/stm32f4xx_hal_rcc.o
 .debug_info    0x0000a784     0x2f56 ./Drivers/STM32F4xx_HAL_Driver/Src/stm32f4xx_hal_uart.o
 .debug_info    0x0000d6da     0x179d ./TOF/App/app_tof.o
 .debug_info    0x0000ee77       0xdb ./TOF/Target/app_tof_pin_conf.o
 .debug_info    0x0000ef52     0x1201 ./TOF/Target/custom_ranging_sensor.o

.debug_abbrev   0x00000000     0x2af8
 .debug_abbrev  0x00000000      0x230 ./Core/Src/main.o
 .debug_abbrev  0x00000230       0xd8 ./Core/Src/stm32f4xx_hal_msp.o
 .debug_abbrev  0x00000308       0xa0 ./Core/Src/stm32f4xx_it.o
 .debug_abbrev  0x000003a8      0x2b5 ./Core/Src/stm32f4xx_nucleo_bus.o
 .debug_abbrev  0x0000065d      0x1b6 ./Core/Src/syscalls.o
 .debug_abbrev  0x00000813       0xbc ./Core/Src/sysmem.o
 .debug_abbrev  0x000008cf      0x11a ./Core/Src/system_stm32f4xx.o
 .debug_abbrev  0x000009e9       0x24 ./Core/Startup/startup_stm32f401retx.o
 .debug_abbrev  0x00000a0d      0x2b1 ./Drivers/BSP/Components/vl53l8cx/modules/vl53l8cx_api.o
 .debug_abbrev  0x00000cbe      0x168 ./Drivers/BSP/Components/vl53l8cx/modules/vl53l8cx_plugin_detection_thresholds.o
 .debug_abbrev  0x00000e26      0x10c ./Drivers/BSP/Components/vl53l8cx/porting/platform.o
 .debug_abbrev  0x00000f32      0x2a2 ./Drivers/BSP/Components/vl53l8cx/vl53l8cx.o
 .debug_abbrev  0x000011d4      0x2aa ./Drivers/BSP/STM32F4xx_Nucleo/stm32f4xx_nucleo.o
 .debug_abbrev  0x0000147e      0x24b ./Drivers/STM32F4xx_HAL_Driver/Src/stm32f4xx_hal.o
 .debug_abbrev  0x000016c9      0x31d ./Drivers/STM32F4xx_HAL_Driver/Src/stm32f4xx_hal_cortex.o
 .debug_abbrev  0x000019e6      0x1d3 ./Drivers/STM32F4xx_HAL_Driver/Src/stm32f4xx_hal_gpio.o
 .debug_abbrev  0x00001bb9      0x2bc ./Drivers/STM32F4xx_HAL_Driver/Src/stm32f4xx_hal_i2c.o
 .debug_abbrev  0x00001e75      0x2b6 ./Drivers/STM32F4xx_HAL_Driver/Src/stm32f4xx_hal_rcc.o
 .debug_abbrev  0x0000212b      0x31b ./Drivers/STM32F4xx_HAL_Driver/Src/stm32f4xx_hal_uart.o
 .debug_abbrev  0x00002446      0x354 ./TOF/App/app_tof.o
 .debug_abbrev  0x0000279a       0x7f ./TOF/Target/app_tof_pin_conf.o
 .debug_abbrev  0x00002819      0x2df ./TOF/Target/custom_ranging_sensor.o

.debug_aranges  0x00000000      0xe28
 .debug_aranges
                0x00000000       0x38 ./Core/Src/main.o
 .debug_aranges
                0x00000038       0x20 ./Core/Src/stm32f4xx_hal_msp.o
 .debug_aranges
                0x00000058       0x70 ./Core/Src/stm32f4xx_it.o
 .debug_aranges
                0x000000c8       0x80 ./Core/Src/stm32f4xx_nucleo_bus.o
 .debug_aranges
                0x00000148       0xa8 ./Core/Src/syscalls.o
 .debug_aranges
                0x000001f0       0x20 ./Core/Src/sysmem.o
 .debug_aranges
                0x00000210       0x28 ./Core/Src/system_stm32f4xx.o
 .debug_aranges
                0x00000238       0x28 ./Core/Startup/startup_stm32f401retx.o
 .debug_aranges
                0x00000260      0x118 ./Drivers/BSP/Components/vl53l8cx/modules/vl53l8cx_api.o
 .debug_aranges
                0x00000378       0x48 ./Drivers/BSP/Components/vl53l8cx/modules/vl53l8cx_plugin_detection_thresholds.o
 .debug_aranges
                0x000003c0       0x48 ./Drivers/BSP/Components/vl53l8cx/porting/platform.o
 .debug_aranges
                0x00000408       0xb0 ./Drivers/BSP/Components/vl53l8cx/vl53l8cx.o
 .debug_aranges
                0x000004b8       0x58 ./Drivers/BSP/STM32F4xx_Nucleo/stm32f4xx_nucleo.o
 .debug_aranges
                0x00000510       0xf0 ./Drivers/STM32F4xx_HAL_Driver/Src/stm32f4xx_hal.o
 .debug_aranges
                0x00000600      0x130 ./Drivers/STM32F4xx_HAL_Driver/Src/stm32f4xx_hal_cortex.o
 .debug_aranges
                0x00000730       0x58 ./Drivers/STM32F4xx_HAL_Driver/Src/stm32f4xx_hal_gpio.o
 .debug_aranges
                0x00000788      0x2a8 ./Drivers/STM32F4xx_HAL_Driver/Src/stm32f4xx_hal_i2c.o
 .debug_aranges
                0x00000a30       0x88 ./Drivers/STM32F4xx_HAL_Driver/Src/stm32f4xx_hal_rcc.o
 .debug_aranges
                0x00000ab8      0x208 ./Drivers/STM32F4xx_HAL_Driver/Src/stm32f4xx_hal_uart.o
 .debug_aranges
                0x00000cc0       0xb0 ./TOF/App/app_tof.o
 .debug_aranges
                0x00000d70       0x20 ./TOF/Target/app_tof_pin_conf.o
 .debug_aranges
                0x00000d90       0x98 ./TOF/Target/custom_ranging_sensor.o

.debug_rnglists
                0x00000000      0xade
 .debug_rnglists
                0x00000000       0x27 ./Core/Src/main.o
 .debug_rnglists
                0x00000027       0x13 ./Core/Src/stm32f4xx_hal_msp.o
 .debug_rnglists
                0x0000003a       0x4f ./Core/Src/stm32f4xx_it.o
 .debug_rnglists
                0x00000089       0x5c ./Core/Src/stm32f4xx_nucleo_bus.o
 .debug_rnglists
                0x000000e5       0x79 ./Core/Src/syscalls.o
 .debug_rnglists
                0x0000015e       0x13 ./Core/Src/sysmem.o
 .debug_rnglists
                0x00000171       0x1a ./Core/Src/system_stm32f4xx.o
 .debug_rnglists
                0x0000018b       0x19 ./Core/Startup/startup_stm32f401retx.o
 .debug_rnglists
                0x000001a4       0xdd ./Drivers/BSP/Components/vl53l8cx/modules/vl53l8cx_api.o
 .debug_rnglists
                0x00000281       0x34 ./Drivers/BSP/Components/vl53l8cx/modules/vl53l8cx_plugin_detection_thresholds.o
 .debug_rnglists
                0x000002b5       0x31 ./Drivers/BSP/Components/vl53l8cx/porting/platform.o
 .debug_rnglists
                0x000002e6       0x85 ./Drivers/BSP/Components/vl53l8cx/vl53l8cx.o
 .debug_rnglists
                0x0000036b       0x3e ./Drivers/BSP/STM32F4xx_Nucleo/stm32f4xx_nucleo.o
 .debug_rnglists
                0x000003a9       0xaf ./Drivers/STM32F4xx_HAL_Driver/Src/stm32f4xx_hal.o
 .debug_rnglists
                0x00000458       0xe0 ./Drivers/STM32F4xx_HAL_Driver/Src/stm32f4xx_hal_cortex.o
 .debug_rnglists
                0x00000538       0x3f ./Drivers/STM32F4xx_HAL_Driver/Src/stm32f4xx_hal_gpio.o
 .debug_rnglists
                0x00000577      0x23c ./Drivers/STM32F4xx_HAL_Driver/Src/stm32f4xx_hal_i2c.o
 .debug_rnglists
                0x000007b3       0x66 ./Drivers/STM32F4xx_HAL_Driver/Src/stm32f4xx_hal_rcc.o
 .debug_rnglists
                0x00000819      0x1bc ./Drivers/STM32F4xx_HAL_Driver/Src/stm32f4xx_hal_uart.o
 .debug_rnglists
                0x000009d5       0x87 ./TOF/App/app_tof.o
 .debug_rnglists
                0x00000a5c       0x13 ./TOF/Target/app_tof_pin_conf.o
 .debug_rnglists
                0x00000a6f       0x6f ./TOF/Target/custom_ranging_sensor.o

.debug_macro    0x00000000    0x18338
 .debug_macro   0x00000000      0x211 ./Core/Src/main.o
 .debug_macro   0x00000211      0xad8 ./Core/Src/main.o
 .debug_macro   0x00000ce9      0x29b ./Core/Src/main.o
 .debug_macro   0x00000f84       0x2e ./Core/Src/main.o
 .debug_macro   0x00000fb2       0x28 ./Core/Src/main.o
 .debug_macro   0x00000fda       0x22 ./Core/Src/main.o
 .debug_macro   0x00000ffc       0x8e ./Core/Src/main.o
 .debug_macro   0x0000108a       0x51 ./Core/Src/main.o
 .debug_macro   0x000010db      0x103 ./Core/Src/main.o
 .debug_macro   0x000011de       0x6a ./Core/Src/main.o
 .debug_macro   0x00001248      0x1df ./Core/Src/main.o
 .debug_macro   0x00001427       0x1c ./Core/Src/main.o
 .debug_macro   0x00001443       0x22 ./Core/Src/main.o
 .debug_macro   0x00001465       0xfb ./Core/Src/main.o
 .debug_macro   0x00001560     0x1011 ./Core/Src/main.o
 .debug_macro   0x00002571      0x11f ./Core/Src/main.o
 .debug_macro   0x00002690     0xb881 ./Core/Src/main.o
 .debug_macro   0x0000df11       0x6d ./Core/Src/main.o
 .debug_macro   0x0000df7e     0x3693 ./Core/Src/main.o
 .debug_macro   0x00011611      0x190 ./Core/Src/main.o
 .debug_macro   0x000117a1       0x5c ./Core/Src/main.o
 .debug_macro   0x000117fd      0x416 ./Core/Src/main.o
 .debug_macro   0x00011c13      0x9e9 ./Core/Src/main.o
 .debug_macro   0x000125fc      0x115 ./Core/Src/main.o
 .debug_macro   0x00012711       0xf8 ./Core/Src/main.o
 .debug_macro   0x00012809       0xa5 ./Core/Src/main.o
 .debug_macro   0x000128ae      0x15f ./Core/Src/main.o
 .debug_macro   0x00012a0d      0x287 ./Core/Src/main.o
 .debug_macro   0x00012c94       0x5f ./Core/Src/main.o
 .debug_macro   0x00012cf3      0x236 ./Core/Src/main.o
 .debug_macro   0x00012f29      0x132 ./Core/Src/main.o
 .debug_macro   0x0001305b      0x264 ./Core/Src/main.o
 .debug_macro   0x000132bf       0x2e ./Core/Src/main.o
 .debug_macro   0x000132ed      0x1b5 ./Core/Src/main.o
 .debug_macro   0x000134a2       0x22 ./Core/Src/main.o
 .debug_macro   0x000134c4       0xd6 ./Core/Src/main.o
 .debug_macro   0x0001359a      0x127 ./Core/Src/main.o
 .debug_macro   0x000136c1       0x85 ./Core/Src/main.o
 .debug_macro   0x00013746       0x89 ./Core/Src/main.o
 .debug_macro   0x000137cf      0x2aa ./Core/Src/main.o
 .debug_macro   0x00013a79      0x126 ./Core/Src/main.o
 .debug_macro   0x00013b9f       0x2e ./Core/Src/main.o
 .debug_macro   0x00013bcd       0x82 ./Core/Src/main.o
 .debug_macro   0x00013c4f       0xa8 ./Core/Src/main.o
 .debug_macro   0x00013cf7       0x5e ./Core/Src/main.o
 .debug_macro   0x00013d55      0x207 ./Core/Src/stm32f4xx_hal_msp.o
 .debug_macro   0x00013f5c      0x211 ./Core/Src/stm32f4xx_it.o
 .debug_macro   0x0001416d      0x1fa ./Core/Src/stm32f4xx_nucleo_bus.o
 .debug_macro   0x00014367       0x28 ./Core/Src/stm32f4xx_nucleo_bus.o
 .debug_macro   0x0001438f       0x4c ./Core/Src/stm32f4xx_nucleo_bus.o
 .debug_macro   0x000143db      0x274 ./Core/Src/syscalls.o