../TOF/App/app_tof.c:78:6:MX_TOF_Init	8	static
../TOF/App/app_tof.c:100:6:MX_TOF_Process	8	static
../TOF/App/app_tof.c:113:13:MX_VL53L8CX_SimpleRanging_Init	24	static
../TOF/App/app_tof.c:230:13:MX_VL53L8CX_SimpleRanging_Process	40	static
../TOF/App/app_tof.c:391:13:print_result	56	static
../TOF/App/app_tof.c:415:13:toggle_resolution	16	static
../TOF/App/app_tof.c:476:13:toggle_signal_and_ambient	16	static
../TOF/App/app_tof.c:518:13:display_commands_banner	24	static
../TOF/App/app_tof.c:536:13:handle_cmd	16	static
../TOF/App/app_tof.c:557:16:get_key	16	static
../TOF/App/app_tof.c:566:17:com_has_data	4	static
../TOF/App/app_tof.c:571:17:get_first_active_sensor	16	static
../TOF/App/app_tof.c:584:17:get_next_active_sensor	24	static
../TOF/App/app_tof.c:606:13:deactivate_sensor	16	static
../TOF/App/app_tof.c:624:13:reset_current_sensor_index	16	static
